Component: ARM Compiler 5.06 update 5 (build 528) Tool: armlink [4d35e2]

==============================================================================

Section Cross References

    startup_stm32f103xb.o(STACK) refers (Special) to heapauxi.o(.text) for __use_two_region_memory
    startup_stm32f103xb.o(HEAP) refers (Special) to heapauxi.o(.text) for __use_two_region_memory
    startup_stm32f103xb.o(RESET) refers (Special) to heapauxi.o(.text) for __use_two_region_memory
    startup_stm32f103xb.o(RESET) refers to startup_stm32f103xb.o(STACK) for __initial_sp
    startup_stm32f103xb.o(RESET) refers to startup_stm32f103xb.o(.text) for Reset_Handler
    startup_stm32f103xb.o(RESET) refers to stm32f1xx_it.o(i.NMI_Handler) for NMI_Handler
    startup_stm32f103xb.o(RESET) refers to stm32f1xx_it.o(i.HardFault_Handler) for HardFault_Handler
    startup_stm32f103xb.o(RESET) refers to stm32f1xx_it.o(i.MemManage_Handler) for MemManage_Handler
    startup_stm32f103xb.o(RESET) refers to stm32f1xx_it.o(i.BusFault_Handler) for BusFault_Handler
    startup_stm32f103xb.o(RESET) refers to stm32f1xx_it.o(i.UsageFault_Handler) for UsageFault_Handler
    startup_stm32f103xb.o(RESET) refers to stm32f1xx_it.o(i.SVC_Handler) for SVC_Handler
    startup_stm32f103xb.o(RESET) refers to stm32f1xx_it.o(i.DebugMon_Handler) for DebugMon_Handler
    startup_stm32f103xb.o(RESET) refers to stm32f1xx_it.o(i.PendSV_Handler) for PendSV_Handler
    startup_stm32f103xb.o(RESET) refers to stm32f1xx_it.o(i.SysTick_Handler) for SysTick_Handler
    startup_stm32f103xb.o(RESET) refers to stm32f1xx_it.o(i.DMA1_Channel1_IRQHandler) for DMA1_Channel1_IRQHandler
    startup_stm32f103xb.o(RESET) refers to stm32f1xx_it.o(i.DMA1_Channel6_IRQHandler) for DMA1_Channel6_IRQHandler
    startup_stm32f103xb.o(RESET) refers to stm32f1xx_it.o(i.TIM2_IRQHandler) for TIM2_IRQHandler
    startup_stm32f103xb.o(RESET) refers to stm32f1xx_it.o(i.USART2_IRQHandler) for USART2_IRQHandler
    startup_stm32f103xb.o(.text) refers (Special) to heapauxi.o(.text) for __use_two_region_memory
    startup_stm32f103xb.o(.text) refers to system_stm32f1xx.o(i.SystemInit) for SystemInit
    startup_stm32f103xb.o(.text) refers to __main.o(!!!main) for __main
    startup_stm32f103xb.o(.text) refers to startup_stm32f103xb.o(HEAP) for Heap_Mem
    startup_stm32f103xb.o(.text) refers to startup_stm32f103xb.o(STACK) for Stack_Mem
    main.o(i.Curtain_Close) refers to bsp_motor.o(i.Motor_Rotate_Angle) for Motor_Rotate_Angle
    main.o(i.Curtain_Close) refers to bsp_jr6001.o(i.JR6001_Play) for JR6001_Play
    main.o(i.Curtain_Close) refers to main.o(.data) for .data
    main.o(i.Curtain_Open) refers to bsp_motor.o(i.Motor_Rotate_Angle) for Motor_Rotate_Angle
    main.o(i.Curtain_Open) refers to bsp_jr6001.o(i.JR6001_Play) for JR6001_Play
    main.o(i.Curtain_Open) refers to main.o(.data) for .data
    main.o(i.Enter_SystemTime_Setting) refers to main.o(.data) for .data
    main.o(i.HAL_TIM_PeriodElapsedCallback) refers to soft_time.o(i.SoftTime_Tick_1ms) for SoftTime_Tick_1ms
    main.o(i.HAL_TIM_PeriodElapsedCallback) refers to bsp_key.o(i.Key_Scan) for Key_Scan
    main.o(i.HAL_TIM_PeriodElapsedCallback) refers to bsp_led.o(i.LED_Toggle) for LED_Toggle
    main.o(i.HAL_TIM_PeriodElapsedCallback) refers to soft_time.o(i.SoftTime_CTRL) for SoftTime_CTRL
    main.o(i.HAL_TIM_PeriodElapsedCallback) refers to bsp_motor.o(i.MotorStep_Process) for MotorStep_Process
    main.o(i.HAL_TIM_PeriodElapsedCallback) refers to bsp_beep.o(i.Beep_Process) for Beep_Process
    main.o(i.HAL_TIM_PeriodElapsedCallback) refers to main.o(.data) for .data
    main.o(i.Handle_Closing) refers to main.o(.data) for .data
    main.o(i.Handle_Error) refers to main.o(i.Map_Key_To_Cmd) for Map_Key_To_Cmd
    main.o(i.Handle_Error) refers to main.o(.data) for .data
    main.o(i.Handle_Idle_Lux) refers to main.o(i.Curtain_Close) for Curtain_Close
    main.o(i.Handle_Idle_Lux) refers to main.o(i.Map_Key_To_Cmd) for Map_Key_To_Cmd
    main.o(i.Handle_Idle_Lux) refers to main.o(i.Mode_Change) for Mode_Change
    main.o(i.Handle_Idle_Lux) refers to main.o(i.Curtain_Open) for Curtain_Open
    main.o(i.Handle_Idle_Lux) refers to main.o(.data) for .data
    main.o(i.Handle_Idle_Manual) refers to main.o(i.Map_Key_To_Cmd) for Map_Key_To_Cmd
    main.o(i.Handle_Idle_Manual) refers to main.o(i.Enter_SystemTime_Setting) for Enter_SystemTime_Setting
    main.o(i.Handle_Idle_Manual) refers to main.o(i.Mode_Change) for Mode_Change
    main.o(i.Handle_Idle_Manual) refers to main.o(i.Curtain_Open) for Curtain_Open
    main.o(i.Handle_Idle_Manual) refers to main.o(i.Curtain_Close) for Curtain_Close
    main.o(i.Handle_Idle_Manual) refers to main.o(.data) for .data
    main.o(i.Handle_Idle_Tim) refers to main.o(i.Curtain_Close) for Curtain_Close
    main.o(i.Handle_Idle_Tim) refers to main.o(i.Map_Key_To_Cmd) for Map_Key_To_Cmd
    main.o(i.Handle_Idle_Tim) refers to main.o(i.Mode_Change) for Mode_Change
[...]
    motor_run                                0x20000065   Data           1  bsp_motor.o(.data)
    current_dir                              0x20000066   Data           1  bsp_motor.o(.data)
    step_tick                                0x20000068   Data           2  bsp_motor.o(.data)
    step_period                              0x2000006a   Data           2  bsp_motor.o(.data)
    steps_to_run                             0x2000006c   Data           4  bsp_motor.o(.data)
    .data                                    0x20000070   Section       16  menu.o(.data)
    last_mode                                0x20000072   Data           1  menu.o(.data)
    last_fsm_state                           0x20000073   Data           1  menu.o(.data)
    blink_timer                              0x20000078   Data           4  menu.o(.data)
    timer                                    0x2000007c   Data           4  menu.o(.data)
    .data                                    0x20000080   Section        7  soft_time.o(.data)
    last_triggered_hour                      0x20000080   Data           1  soft_time.o(.data)
    ms_cnt                                   0x20000082   Data           2  soft_time.o(.data)
    sys_time                                 0x20000084   Data           3  soft_time.o(.data)
    .data                                    0x20000088   Section       12  event.o(.data)
    head                                     0x20000088   Data           4  event.o(.data)
    tail                                     0x2000008c   Data           4  event.o(.data)
    count                                    0x20000090   Data           4  event.o(.data)
    .bss                                     0x20000094   Section      116  adc.o(.bss)
    .bss                                     0x20000108   Section       84  i2c.o(.bss)
    .bss                                     0x2000015c   Section       12  iwdg.o(.bss)
    .bss                                     0x20000168   Section       72  tim.o(.bss)
    .bss                                     0x200001b0   Section      284  usart.o(.bss)
    .bss                                     0x200002cc   Section       12  bsp_beep.o(.bss)
    beepCtrl                                 0x200002cc   Data          12  bsp_beep.o(.bss)
    .bss                                     0x200002d8   Section      128  bsp_bt.o(.bss)
    temp_buffer                              0x20000318   Data          64  bsp_bt.o(.bss)
    .bss                                     0x20000358   Section     1024  bsp_oled.o(.bss)
    OLED_GRAM                                0x20000358   Data        1024  bsp_oled.o(.bss)
    .bss                                     0x20000758   Section       12  menu.o(.bss)
    .bss                                     0x20000764   Section       80  event.o(.bss)
    eventQueue                               0x20000764   Data          80  event.o(.bss)
    .bss                                     0x200007b4   Section       96  libspace.o(.bss)
    HEAP                                     0x20000818   Section      512  startup_stm32f103xb.o(HEAP)
    Heap_Mem                                 0x20000818   Data         512  startup_stm32f103xb.o(HEAP)
    STACK                                    0x20000a18   Section     1024  startup_stm32f103xb.o(STACK)
    Stack_Mem                                0x20000a18   Data        1024  startup_stm32f103xb.o(STACK)
    __initial_sp                             0x20000e18   Data           0  startup_stm32f103xb.o(STACK)

    Global Symbols

    Symbol Name                              Value     Ov Type        Size  Object(Section)

    BuildAttributes$$THM_ISAv4$P$D$K$B$S$PE$A:L22UL41UL21$X:L11$S22US41US21$IEEE1$IW$USESV6$~STKCKD$USESV7$~SHL$OTIME$ROPI$IEEEJ$EBA8$UX$STANDARDLIB$REQ8$PRES8$EABIv2 0x00000000   Number         0  anon$$obj.o ABSOLUTE
    __ARM_use_no_argv                        0x00000000   Number         0  main.o ABSOLUTE
    _printf_flags                            0x00000000   Number         0  printf_stubs.o ABSOLUTE
    _printf_return_value                     0x00000000   Number         0  printf_stubs.o ABSOLUTE
    _printf_sizespec                         0x00000000   Number         0  printf_stubs.o ABSOLUTE
    _printf_widthprec                        0x00000000   Number         0  printf_stubs.o ABSOLUTE
    __ARM_exceptions_init                     - Undefined Weak Reference
    __alloca_initialize                       - Undefined Weak Reference
    __arm_preinit_                            - Undefined Weak Reference
    __cpp_initialize__aeabi_                  - Undefined Weak Reference
    __cxa_finalize                            - Undefined Weak Reference
    __sigvec_lookup                           - Undefined Weak Reference
    _atexit_init                              - Undefined Weak Reference
    _call_atexit_fns                          - Undefined Weak Reference
    _clock_init                               - Undefined Weak Reference
    _fp_trap_init                             - Undefined Weak Reference
    _fp_trap_shutdown                         - Undefined Weak Reference
    _get_lc_collate                           - Undefined Weak Reference
    _get_lc_ctype                             - Undefined Weak Reference
    _get_lc_monetary                          - Undefined Weak Reference
    _get_lc_time                              - Undefined Weak Reference
    _getenv_init                              - Undefined Weak Reference
    _handle_redirection                       - Undefined Weak Reference
    _init_alloc                               - Undefined Weak Reference
    _init_user_alloc                          - Undefined Weak Reference
    _initio                                   - Undefined Weak Reference
    _printf_truncate_signed                   - Undefined Weak Reference
    _printf_truncate_unsigned                 - Undefined Weak Reference
    _rand_init                                - Undefined Weak Reference
    _signal_finish                            - Undefined Weak Reference
    _signal_init                              - Undefined Weak Reference
    _terminate_alloc                          - Undefined Weak Reference
    _terminate_user_alloc                     - Undefined Weak Reference
    _terminateio                              - Undefined Weak Reference
    __Vectors_Size                           0x000000ec   Number         0  startup_stm32f103xb.o ABSOLUTE
    __Vectors                                0x08000000   Data           4  startup_stm32f103xb.o(RESET)
    __Vectors_End                            0x080000ec   Data           0  startup_stm32f103xb.o(RESET)
    __main                                   0x080000ed   Thumb Code     8  __main.o(!!!main)
    __scatterload                            0x080000f5   Thumb Code     0  __scatter.o(!!!scatter)
    __scatterload_rt2                        0x080000f5   Thumb Code    44  __scatter.o(!!!scatter)
    __scatterload_rt2_thumb_only             0x080000f5   Thumb Code     0  __scatter.o(!!!scatter)
    __scatterload_null                       0x08000103   Thumb Code     0  __scatter.o(!!!scatter)
    __scatterload_copy                       0x08000129   Thumb Code    26  __scatter_copy.o(!!handler_copy)
    __scatterload_zeroinit                   0x08000145   Thumb Code    28  __scatter_zi.o(!!handler_zi)
    _printf_f                                0x08000161   Thumb Code     0  _printf_f.o(.ARM.Collect$$_printf_percent$$00000003)
    _printf_percent                          0x08000161   Thumb Code     0  _printf_percent.o(.ARM.Collect$$_printf_percent$$00000000)
    _printf_d                                0x08000167   Thumb Code     0  _printf_d.o(.ARM.Collect$$_printf_percent$$00000009)
    _printf_percent_end                      0x0800016d   Thumb Code     0  _printf_percent_end.o(.ARM.Collect$$_printf_percent$$00000017)
    __rt_lib_init                            0x08000171   Thumb Code     0  libinit.o(.ARM.Collect$$libinit$$00000000)
    __rt_lib_init_fp_1                       0x08000173   Thumb Code     0  libinit2.o(.ARM.Collect$$libinit$$00000002)
    __rt_lib_init_heap_1                     0x08000173   Thumb Code     0  libinit2.o(.ARM.Collect$$libinit$$0000000A)
    __rt_lib_init_lc_common                  0x08000173   Thumb Code     0  libinit2.o(.ARM.Collect$$libinit$$0000000F)
    __rt_lib_init_preinit_1                  0x08000173   Thumb Code     0  libinit2.o(.ARM.Collect$$libinit$$00000004)
    __rt_lib_init_rand_1                     0x08000173   Thumb Code     0  libinit2.o(.ARM.Collect$$libinit$$0000000E)
    __rt_lib_init_user_alloc_1               0x08000173   Thumb Code     0  libinit2.o(.ARM.Collect$$libinit$$0000000C)
    __rt_lib_init_lc_collate_1               0x08000179   Thumb Code     0  libinit2.o(.ARM.Collect$$libinit$$00000011)
    __rt_lib_init_lc_ctype_1                 0x08000179   Thumb Code     0  libinit2.o(.ARM.Collect$$libinit$$00000013)
    __rt_lib_init_lc_monetary_1              0x08000179   Thumb Code     0  libinit2.o(.ARM.Collect$$libinit$$00000015)
    __rt_lib_init_lc_numeric_2               0x08000179   Thumb Code     0  libinit2.o(.ARM.Collect$$libinit$$00000016)
    __rt_lib_init_alloca_1                   0x08000183   Thumb Code     0  libinit2.o(.ARM.Collect$$libinit$$0000002E)
    __rt_lib_init_argv_1                     0x08000183   Thumb Code     0  libinit2.o(.ARM.Collect$$libinit$$0000002C)
    __rt_lib_init_atexit_1                   0x08000183   Thumb Code     0  libinit2.o(.ARM.Collect$$libinit$$0000001B)
    __rt_lib_init_clock_1                    0x08000183   Thumb Code     0  libinit2.o(.ARM.Collect$$libinit$$00000021)
    __rt_lib_init_cpp_1                      0x08000183   Thumb Code     0  libinit2.o(.ARM.Collect$$libinit$$00000032)
    __rt_lib_init_exceptions_1               0x08000183   Thumb Code     0  libinit2.o(.ARM.Collect$$libinit$$00000030)
    __rt_lib_init_fp_trap_1                  0x08000183   Thumb Code     0  libinit2.o(.ARM.Collect$$libinit$$0000001F)
    __rt_lib_init_getenv_1                   0x08000183   Thumb Code     0  libinit2.o(.ARM.Collect$$libinit$$00000023)
    __rt_lib_init_lc_numeric_1               0x08000183   Thumb Code     0  libinit2.o(.ARM.Collect$$libinit$$00000017)
    __rt_lib_init_lc_time_1                  0x08000183   Thumb Code     0  libinit2.o(.ARM.Collect$$libinit$$00000019)
    __rt_lib_init_return                     0x08000183   Thumb Code     0  libinit2.o(.ARM.Collect$$libinit$$00000033)
    __rt_lib_init_signal_1                   0x08000183   Thumb Code     0  libinit2.o(.ARM.Collect$$libinit$$0000001D)
    __rt_lib_init_stdio_1                    0x08000183   Thumb Code     0  libinit2.o(.ARM.Collect$$libinit$$00000025)
    __rt_lib_shutdown                        0x08000185   Thumb Code     0  libshutdown.o(.ARM.Collect$$libshutdown$$00000000)
    __rt_lib_shutdown_cpp_1                  0x08000187   Thumb Code     0  libshutdown2.o(.ARM.Collect$$libshutdown$$00000002)
    __rt_lib_shutdown_fp_trap_1              0x08000187   Thumb Code     0  libshutdown2.o(.ARM.Collect$$libshutdown$$00000007)
    __rt_lib_shutdown_heap_1                 0x08000187   Thumb Code     0  libshutdown2.o(.ARM.Collect$$libshutdown$$0000000F)
    __rt_lib_shutdown_return                 0x08000187   Thumb Code     0  libshutdown2.o(.ARM.Collect$$libshutdown$$00000010)
    __rt_lib_shutdown_signal_1               0x08000187   Thumb Code     0  libshutdown2.o(.ARM.Collect$$libshutdown$$0000000A)
    __rt_lib_shutdown_stdio_1                0x08000187   Thumb Code     0  libshutdown2.o(.ARM.Collect$$libshutdown$$00000004)
    __rt_lib_shutdown_user_alloc_1           0x08000187   Thumb Code     0  libshutdown2.o(.ARM.Collect$$libshutdown$$0000000C)
    __rt_entry                               0x08000189   Thumb Code     0  __rtentry.o(.ARM.Collect$$rtentry$$00000000)
    __rt_entry_presh_1                       0x08000189   Thumb Code     0  __rtentry2.o(.ARM.Collect$$rtentry$$00000002)
    __rt_entry_sh                            0x08000189   Thumb Code     0  __rtentry4.o(.ARM.Collect$$rtentry$$00000004)
    __rt_entry_li                            0x0800018f   Thumb Code     0  __rtentry2.o(.ARM.Collect$$rtentry$$0000000A)
    __rt_entry_postsh_1                      0x0800018f   Thumb Code     0  __rtentry2.o(.ARM.Collect$$rtentry$$00000009)
    __rt_entry_main                          0x08000193   Thumb Code     0  __rtentry2.o(.ARM.Collect$$rtentry$$0000000D)
    __rt_entry_postli_1                      0x08000193   Thumb Code     0  __rtentry2.o(.ARM.Collect$$rtentry$$0000000C)
    __rt_exit                                0x0800019b   Thumb Code     0  rtexit.o(.ARM.Collect$$rtexit$$00000000)
    __rt_exit_ls                             0x0800019d   Thumb Code     0  rtexit2.o(.ARM.Collect$$rtexit$$00000003)
    __rt_exit_prels_1                        0x0800019d   Thumb Code     0  rtexit2.o(.ARM.Collect$$rtexit$$00000002)
    __rt_exit_exit                           0x080001a1   Thumb Code     0  rtexit2.o(.ARM.Collect$$rtexit$$00000004)
    Reset_Handler                            0x080001a9   Thumb Code     8  startup_stm32f103xb.o(.text)
    ADC1_2_IRQHandler                        0x080001c3   Thumb Code     0  startup_stm32f103xb.o(.text)
    CAN1_RX1_IRQHandler                      0x080001c3   Thumb Code     0  startup_stm32f103xb.o(.text)
    CAN1_SCE_IRQHandler                      0x080001c3   Thumb Code     0  startup_stm32f103xb.o(.text)
    DMA1_Channel2_IRQHandler                 0x080001c3   Thumb Code     0  startup_stm32f103xb.o(.text)
    DMA1_Channel3_IRQHandler                 0x080001c3   Thumb Code     0  startup_stm32f103xb.o(.text)
    DMA1_Channel4_IRQHandler                 0x080001c3   Thumb Code     0  startup_stm32f103xb.o(.text)
    DMA1_Channel5_IRQHandler                 0x080001c3   Thumb Code     0  startup_stm32f103xb.o(.text)
    DMA1_Channel7_IRQHandler                 0x080001c3   Thumb Code     0  startup_stm32f103xb.o(.text)
    EXTI0_IRQHandler                         0x080001c3   Thumb Code     0  startup_stm32f103xb.o(.text)
    EXTI15_10_IRQHandler                     0x080001c3   Thumb Code     0  startup_stm32f103xb.o(.text)
    EXTI1_IRQHandler                         0x080001c3   Thumb Code     0  startup_stm32f103xb.o(.text)
    EXTI2_IRQHandler                         0x080001c3   Thumb Code     0  startup_stm32f103xb.o(.text)
    EXTI3_IRQHandler                         0x080001c3   Thumb Code     0  startup_stm32f103xb.o(.text)
    EXTI4_IRQHandler                         0x080001c3   Thumb Code     0  startup_stm32f103xb.o(.text)
    EXTI9_5_IRQHandler                       0x080001c3   Thumb Code     0  startup_stm32f103xb.o(.text)
    FLASH_IRQHandler                         0x080001c3   Thumb Code     0  startup_stm32f103xb.o(.text)
    I2C1_ER_IRQHandler                       0x080001c3   Thumb Code     0  startup_stm32f103xb.o(.text)
    I2C1_EV_IRQHandler                       0x080001c3   Thumb Code     0  startup_stm32f103xb.o(.text)
    I2C2_ER_IRQHandler                       0x080001c3   Thumb Code     0  startup_stm32f103xb.o(.text)
    I2C2_EV_IRQHandler                       0x080001c3   Thumb Code     0  startup_stm32f103xb.o(.text)
    PVD_IRQHandler                           0x080001c3   Thumb Code     0  startup_stm32f103xb.o(.text)
    RCC_IRQHandler                           0x080001c3   Thumb Code     0  startup_stm32f103xb.o(.text)
    RTC_Alarm_IRQHandler                     0x080001c3   Thumb Code     0  startup_stm32f103xb.o(.text)
    RTC_IRQHandler                           0x080001c3   Thumb Code     0  startup_stm32f103xb.o(.text)
    SPI1_IRQHandler                          0x080001c3   Thumb Code     0  startup_stm32f103xb.o(.text)
    SPI2_IRQHandler                          0x080001c3   Thumb Code     0  startup_stm32f103xb.o(.text)
    TAMPER_IRQHandler                        0x080001c3   Thumb Code     0  startup_stm32f103xb.o(.text)
    TIM1_BRK_IRQHandler                      0x080001c3   Thumb Code     0  startup_stm32f103xb.o(.text)
    TIM1_CC_IRQHandler                       0x080001c3   Thumb Code     0  startup_stm32f103xb.o(.text)
    TIM1_TRG_COM_IRQHandler                  0x080001c3   Thumb Code     0  startup_stm32f103xb.o(.text)
    TIM1_UP_IRQHandler                       0x080001c3   Thumb Code     0  startup_stm32f103xb.o(.text)
    TIM3_IRQHandler                          0x080001c3   Thumb Code     0  startup_stm32f103xb.o(.text)
    TIM4_IRQHandler                          0x080001c3   Thumb Code     0  startup_stm32f103xb.o(.text)
    USART1_IRQHandler                        0x080001c3   Thumb Code     0  startup_stm32f103xb.o(.text)
    USART3_IRQHandler                        0x080001c3   Thumb Code     0  startup_stm32f103xb.o(.text)
    USBWakeUp_IRQHandler                     0x080001c3   Thumb Code     0  startup_stm32f103xb.o(.text)
    USB_HP_CAN1_TX_IRQHandler                0x080001c3   Thumb Code     0  startup_stm32f103xb.o(.text)
    USB_LP_CAN1_RX0_IRQHandler               0x080001c3   Thumb Code     0  startup_stm32f103xb.o(.text)
    WWDG_IRQHandler                          0x080001c3   Thumb Code     0  startup_stm32f103xb.o(.text)
    __user_initial_stackheap                 0x080001c5   Thumb Code     0  startup_stm32f103xb.o(.text)
    __2sprintf                               0x080001e9   Thumb Code    34  noretval__2sprintf.o(.text)
    __2snprintf                              0x08000211   Thumb Code    48  noretval__2snprintf.o(.text)
    _printf_pre_padding                      0x08000245   Thumb Code    44  _printf_pad.o(.text)
    _printf_post_padding                     0x08000271   Thumb Code    34  _printf_pad.o(.text)
    _printf_int_dec                          0x08000295   Thumb Code   104  _printf_dec.o(.text)
    __printf                                 0x0800030d   Thumb Code   308  __printf_flags_wp.o(.text)
    strlen                                   0x08000445   Thumb Code    62  strlen.o(.text)
    __aeabi_memcpy                           0x08000483   Thumb Code     0  rt_memcpy_v6.o(.text)
    __rt_memcpy                              0x08000483   Thumb Code   138  rt_memcpy_v6.o(.text)
    _memcpy_lastbytes                        0x080004e9   Thumb Code     0  rt_memcpy_v6.o(.text)
    __aeabi_memclr                           0x0800050d   Thumb Code     0  rt_memclr.o(.text)
    __rt_memclr                              0x0800050d   Thumb Code    68  rt_memclr.o(.text)
    _memset                                  0x08000511   Thumb Code     0  rt_memclr.o(.text)
    __aeabi_memclr4                          0x08000551   Thumb Code     0  rt_memclr_w.o(.text)
    __aeabi_memclr8                          0x08000551   Thumb Code     0  rt_memclr_w.o(.text)
    __rt_memclr_w                            0x08000551   Thumb Code    78  rt_memclr_w.o(.text)
    _memset_w                                0x08000555   Thumb Code     0  rt_memclr_w.o(.text)
    __use_two_region_memory                  0x0800059f   Thumb Code     2  heapauxi.o(.text)
    __rt_heap_escrow$2region                 0x080005a1   Thumb Code     2  heapauxi.o(.text)
    __rt_heap_expand$2region                 0x080005a3   Thumb Code     2  heapauxi.o(.text)
    _printf_int_common                       0x080005a5   Thumb Code   178  _printf_intcommon.o(.text)
    __lib_sel_fp_printf                      0x08000657   Thumb Code     2  _printf_fp_dec.o(.text)
    _printf_fp_dec_real                      0x08000809   Thumb Code   620  _printf_fp_dec.o(.text)
    _printf_char_common                      0x08000a7f   Thumb Code    32  _printf_char_common.o(.text)
    _sputc                                   0x08000aa5   Thumb Code    10  _sputc.o(.text)
    _snputc                                  0x08000aaf   Thumb Code    16  _snputc.o(.text)
    __aeabi_memcpy4                          0x08000abf   Thumb Code     0  rt_memcpy_w.o(.text)
    __aeabi_memcpy8                          0x08000abf   Thumb Code     0  rt_memcpy_w.o(.text)
    __rt_memcpy_w                            0x08000abf   Thumb Code   100  rt_memcpy_w.o(.text)
    _memcpy_lastbytes_aligned                0x08000b07   Thumb Code     0  rt_memcpy_w.o(.text)
    __rt_locale                              0x08000b25   Thumb Code     8  rt_locale_intlibspace.o(.text)
    _ll_udiv10                               0x08000b2d   Thumb Code   138  lludiv10.o(.text)
    _printf_fp_infnan                        0x08000bb9   Thumb Code   112  _printf_fp_infnan.o(.text)
    _btod_etento                             0x08000c39   Thumb Code   224  bigflt0.o(.text)
    __user_libspace                          0x08000d1d   Thumb Code     8  libspace.o(.text)
    __user_perproc_libspace                  0x08000d1d   Thumb Code     0  libspace.o(.text)
    __user_perthread_libspace                0x08000d1d   Thumb Code     0  libspace.o(.text)
    __user_setup_stackheap                   0x08000d25   Thumb Code    74  sys_stackheap_outer.o(.text)
    exit                                     0x08000d6f   Thumb Code    18  exit.o(.text)
    strcmp                                   0x08000d81   Thumb Code   128  strcmpv7m.o(.text)
    _sys_exit                                0x08000e01   Thumb Code     8  sys_exit.o(.text)
    __I$use$semihosting                      0x08000e0d   Thumb Code     0  use_no_semi.o(.text)
    __use_no_semihosting_swi                 0x08000e0d   Thumb Code     2  use_no_semi.o(.text)
    __semihosting_library_function           0x08000e0f   Thumb Code     0  indicate_semi.o(.text)
    _btod_d2e                                0x08000e0f   Thumb Code    62  btod.o(CL$$btod_d2e)
    _d2e_denorm_low                          0x08000e4d   Thumb Code    70  btod.o(CL$$btod_d2e_denorm_low)
    _d2e_norm_op1                            0x08000e93   Thumb Code    96  btod.o(CL$$btod_d2e_norm_op1)
    __btod_div_common                        0x08000ef3   Thumb Code   696  btod.o(CL$$btod_div_common)
    _e2e                                     0x0800122b   Thumb Code   220  btod.o(CL$$btod_e2e)
    _btod_ediv                               0x08001307   Thumb Code    42  btod.o(CL$$btod_ediv)
    _btod_emul                               0x08001331   Thumb Code    42  btod.o(CL$$btod_emul)
    __btod_mult_common                       0x0800135b   Thumb Code   580  btod.o(CL$$btod_mult_common)
    ADC_ConversionStop_Disable               0x080015a1   Thumb Code    86  stm32f1xx_hal_adc.o(i.ADC_ConversionStop_Disable)
    ADC_DMAConvCplt                          0x080015f7   Thumb Code    78  stm32f1xx_hal_adc.o(i.ADC_DMAConvCplt)
    ADC_DMAError                             0x08001645   Thumb Code    26  stm32f1xx_hal_adc.o(i.ADC_DMAError)
    ADC_DMAHalfConvCplt                      0x0800165f   Thumb Code    10  stm32f1xx_hal_adc.o(i.ADC_DMAHalfConvCplt)
    ADC_Enable                               0x08001669   Thumb Code   114  stm32f1xx_hal_adc.o(i.ADC_Enable)
    BT_ExecuteCommand                        0x080016e5   Thumb Code   228  bsp_bt.o(i.BT_ExecuteCommand)
    BT_IDLE_Handler                          0x08001899   Thumb Code    58  bsp_bt.o(i.BT_IDLE_Handler)
    BT_Init                                  0x080018e5   Thumb Code    44  bsp_bt.o(i.BT_Init)
    BT_IsValidCommand                        0x0800191d   Thumb Code    40  bsp_bt.o(i.BT_IsValidCommand)
    BT_ParseCommand                          0x08001945   Thumb Code   262  bsp_bt.o(i.BT_ParseCommand)
    BT_Process                               0x08001a4d   Thumb Code    72  bsp_bt.o(i.BT_Process)
    BT_SendResponse                          0x08001a9d   Thumb Code    40  bsp_bt.o(i.BT_SendResponse)
    Beep_Init                                0x08001acd   Thumb Code    24  bsp_beep.o(i.Beep_Init)
    Beep_Process                             0x08001aed   Thumb Code    94  bsp_beep.o(i.Beep_Process)
    Beep_Start                               0x08001b55   Thumb Code    32  bsp_beep.o(i.Beep_Start)
    Beep_Stop                                0x08001b7d   Thumb Code    22  bsp_beep.o(i.Beep_Stop)
    BusFault_Handler                         0x08001b9d   Thumb Code     2  stm32f1xx_it.o(i.BusFault_Handler)
    Curtain_Close                            0x08001ba1   Thumb Code    32  main.o(i.Curtain_Close)
    Curtain_Open                             0x08001bc5   Thumb Code    32  main.o(i.Curtain_Open)
    DHT11_Init                               0x08001be9   Thumb Code    66  bsp_dht11.o(i.DHT11_Init)
    DHT11_Read_Data                          0x08001c65   Thumb Code   354  bsp_dht11.o(i.DHT11_Read_Data)
    DMA1_Channel1_IRQHandler                 0x08001dd1   Thumb Code     6  stm32f1xx_it.o(i.DMA1_Channel1_IRQHandler)
    DMA1_Channel6_IRQHandler                 0x08001ddd   Thumb Code     6  stm32f1xx_it.o(i.DMA1_Channel6_IRQHandler)
    DebugMon_Handler                         0x08001e13   Thumb Code     2  stm32f1xx_it.o(i.DebugMon_Handler)
    Enter_SystemTime_Setting                 0x08001e15   Thumb Code    14  main.o(i.Enter_SystemTime_Setting)
    Error_Handler                            0x08001e29   Thumb Code     4  main.o(i.Error_Handler)
    Event_Dequeue                            0x08001e2d   Thumb Code    64  event.o(i.Event_Dequeue)
    Event_Init                               0x08001e75   Thumb Code    12  event.o(i.Event_Init)
    Event_Queue                              0x08001e85   Thumb Code    44  event.o(i.Event_Queue)
    HAL_ADCEx_Calibration_Start              0x08001eb9   Thumb Code   210  stm32f1xx_hal_adc_ex.o(i.HAL_ADCEx_Calibration_Start)
    HAL_ADC_ConfigChannel                    0x08001f91   Thumb Code   240  stm32f1xx_hal_adc.o(i.HAL_ADC_ConfigChannel)
    HAL_ADC_ConvCpltCallback                 0x0800208d   Thumb Code     2  stm32f1xx_hal_adc.o(i.HAL_ADC_ConvCpltCallback)
    HAL_ADC_ConvHalfCpltCallback             0x0800208f   Thumb Code     2  stm32f1xx_hal_adc.o(i.HAL_ADC_ConvHalfCpltCallback)
    HAL_ADC_ErrorCallback                    0x08002091   Thumb Code     2  stm32f1xx_hal_adc.o(i.HAL_ADC_ErrorCallback)
    HAL_ADC_Init                             0x08002095   Thumb Code   272  stm32f1xx_hal_adc.o(i.HAL_ADC_Init)
    HAL_ADC_MspInit                          0x080021b1   Thumb Code   122  adc.o(i.HAL_ADC_MspInit)
    HAL_ADC_Start_DMA                        0x08002241   Thumb Code   246  stm32f1xx_hal_adc.o(i.HAL_ADC_Start_DMA)
    HAL_DMA_Abort                            0x0800234d   Thumb Code    70  stm32f1xx_hal_dma.o(i.HAL_DMA_Abort)
    HAL_DMA_Abort_IT                         0x08002395   Thumb Code   148  stm32f1xx_hal_dma.o(i.HAL_DMA_Abort_IT)
    HAL_DMA_IRQHandler                       0x0800242d   Thumb Code   316  stm32f1xx_hal_dma.o(i.HAL_DMA_IRQHandler)
    HAL_DMA_Init                             0x08002581   Thumb Code    84  stm32f1xx_hal_dma.o(i.HAL_DMA_Init)
    HAL_DMA_Start_IT                         0x080025dd   Thumb Code   112  stm32f1xx_hal_dma.o(i.HAL_DMA_Start_IT)
    HAL_Delay                                0x0800264d   Thumb Code    32  stm32f1xx_hal.o(i.HAL_Delay)
    HAL_GPIO_Init                            0x08002671   Thumb Code   446  stm32f1xx_hal_gpio.o(i.HAL_GPIO_Init)
    HAL_GPIO_ReadPin                         0x08002851   Thumb Code    10  stm32f1xx_hal_gpio.o(i.HAL_GPIO_ReadPin)
    HAL_GPIO_TogglePin                       0x0800285b   Thumb Code    16  stm32f1xx_hal_gpio.o(i.HAL_GPIO_TogglePin)
    HAL_GPIO_WritePin                        0x0800286b   Thumb Code    10  stm32f1xx_hal_gpio.o(i.HAL_GPIO_WritePin)
    HAL_GetTick                              0x08002875   Thumb Code     6  stm32f1xx_hal.o(i.HAL_GetTick)
    HAL_I2C_Init                             0x08002881   Thumb Code   376  stm32f1xx_hal_i2c.o(i.HAL_I2C_Init)
    HAL_I2C_Mem_Write                        0x08002a09   Thumb Code   294  stm32f1xx_hal_i2c.o(i.HAL_I2C_Mem_Write)
    HAL_I2C_MspInit                          0x08002b39   Thumb Code    80  i2c.o(i.HAL_I2C_MspInit)
    HAL_IWDG_Init                            0x08002b95   Thumb Code    94  stm32f1xx_hal_iwdg.o(i.HAL_IWDG_Init)
    HAL_IWDG_Refresh                         0x08002bf3   Thumb Code    12  stm32f1xx_hal_iwdg.o(i.HAL_IWDG_Refresh)
    HAL_IncTick                              0x08002c01   Thumb Code    12  stm32f1xx_hal.o(i.HAL_IncTick)
    HAL_Init                                 0x08002c11   Thumb Code    32  stm32f1xx_hal.o(i.HAL_Init)
    HAL_InitTick                             0x08002c35   Thumb Code    54  stm32f1xx_hal.o(i.HAL_InitTick)
    HAL_MspInit                              0x08002c75   Thumb Code    52  stm32f1xx_hal_msp.o(i.HAL_MspInit)
    HAL_NVIC_EnableIRQ                       0x08002cb1   Thumb Code    26  stm32f1xx_hal_cortex.o(i.HAL_NVIC_EnableIRQ)
    HAL_NVIC_SetPriority                     0x08002ccd   Thumb Code    60  stm32f1xx_hal_cortex.o(i.HAL_NVIC_SetPriority)
    HAL_NVIC_SetPriorityGrouping             0x08002d0d   Thumb Code    26  stm32f1xx_hal_cortex.o(i.HAL_NVIC_SetPriorityGrouping)
    HAL_RCCEx_GetPeriphCLKFreq               0x08002d31   Thumb Code   148  stm32f1xx_hal_rcc_ex.o(i.HAL_RCCEx_GetPeriphCLKFreq)
    HAL_RCCEx_PeriphCLKConfig                0x08002dd5   Thumb Code   224  stm32f1xx_hal_rcc_ex.o(i.HAL_RCCEx_PeriphCLKConfig)
    HAL_RCC_ClockConfig                      0x08002ec1   Thumb Code   280  stm32f1xx_hal_rcc.o(i.HAL_RCC_ClockConfig)
    HAL_RCC_GetHCLKFreq                      0x08002fed   Thumb Code     6  stm32f1xx_hal_rcc.o(i.HAL_RCC_GetHCLKFreq)
    HAL_RCC_GetPCLK1Freq                     0x08002ff9   Thumb Code    20  stm32f1xx_hal_rcc.o(i.HAL_RCC_GetPCLK1Freq)
    HAL_RCC_GetPCLK2Freq                     0x08003019   Thumb Code    20  stm32f1xx_hal_rcc.o(i.HAL_RCC_GetPCLK2Freq)
    HAL_RCC_GetSysClockFreq                  0x08003039   Thumb Code    58  stm32f1xx_hal_rcc.o(i.HAL_RCC_GetSysClockFreq)
    HAL_RCC_OscConfig                        0x08003085   Thumb Code   778  stm32f1xx_hal_rcc.o(i.HAL_RCC_OscConfig)
    HAL_SYSTICK_Config                       0x080033a5   Thumb Code    40  stm32f1xx_hal_cortex.o(i.HAL_SYSTICK_Config)
    HAL_TIMEx_BreakCallback                  0x080033cd   Thumb Code     2  stm32f1xx_hal_tim_ex.o(i.HAL_TIMEx_BreakCallback)
    HAL_TIMEx_CommutCallback                 0x080033cf   Thumb Code     2  stm32f1xx_hal_tim_ex.o(i.HAL_TIMEx_CommutCallback)
    HAL_TIMEx_MasterConfigSynchronization    0x080033d1   Thumb Code    92  stm32f1xx_hal_tim_ex.o(i.HAL_TIMEx_MasterConfigSynchronization)
    HAL_TIM_Base_Init                        0x08003439   Thumb Code    90  stm32f1xx_hal_tim.o(i.HAL_TIM_Base_Init)
    HAL_TIM_Base_MspInit                     0x08003495   Thumb Code    50  tim.o(i.HAL_TIM_Base_MspInit)
    HAL_TIM_Base_Start_IT                    0x080034cd   Thumb Code    76  stm32f1xx_hal_tim.o(i.HAL_TIM_Base_Start_IT)
    HAL_TIM_ConfigClockSource                0x08003525   Thumb Code   220  stm32f1xx_hal_tim.o(i.HAL_TIM_ConfigClockSource)
    HAL_TIM_IC_CaptureCallback               0x08003601   Thumb Code     2  stm32f1xx_hal_tim.o(i.HAL_TIM_IC_CaptureCallback)
    HAL_TIM_IRQHandler                       0x08003603   Thumb Code   304  stm32f1xx_hal_tim.o(i.HAL_TIM_IRQHandler)
    HAL_TIM_OC_DelayElapsedCallback          0x08003733   Thumb Code     2  stm32f1xx_hal_tim.o(i.HAL_TIM_OC_DelayElapsedCallback)
    HAL_TIM_PWM_PulseFinishedCallback        0x08003735   Thumb Code     2  stm32f1xx_hal_tim.o(i.HAL_TIM_PWM_PulseFinishedCallback)
    HAL_TIM_PeriodElapsedCallback            0x08003739   Thumb Code   116  main.o(i.HAL_TIM_PeriodElapsedCallback)
    HAL_TIM_TriggerCallback                  0x080037b1   Thumb Code     2  stm32f1xx_hal_tim.o(i.HAL_TIM_TriggerCallback)
    HAL_UARTEx_RxEventCallback               0x080037b3   Thumb Code     2  stm32f1xx_hal_uart.o(i.HAL_UARTEx_RxEventCallback)
    HAL_UART_AbortReceiveCpltCallback        0x080037b5   Thumb Code     2  stm32f1xx_hal_uart.o(i.HAL_UART_AbortReceiveCpltCallback)
    HAL_UART_AbortReceive_IT                 0x080037b9   Thumb Code   148  stm32f1xx_hal_uart.o(i.HAL_UART_AbortReceive_IT)
    HAL_UART_ErrorCallback                   0x08003851   Thumb Code     2  stm32f1xx_hal_uart.o(i.HAL_UART_ErrorCallback)
    HAL_UART_IRQHandler                      0x08003855   Thumb Code   616  stm32f1xx_hal_uart.o(i.HAL_UART_IRQHandler)
    HAL_UART_Init                            0x08003ac1   Thumb Code   100  stm32f1xx_hal_uart.o(i.HAL_UART_Init)
    HAL_UART_MspInit                         0x08003b25   Thumb Code   300  usart.o(i.HAL_UART_MspInit)
    HAL_UART_Receive_DMA                     0x08003c71   Thumb Code    28  stm32f1xx_hal_uart.o(i.HAL_UART_Receive_DMA)
    HAL_UART_RxCpltCallback                  0x08003c8d   Thumb Code     2  stm32f1xx_hal_uart.o(i.HAL_UART_RxCpltCallback)
    HAL_UART_RxHalfCpltCallback              0x08003c8f   Thumb Code     2  stm32f1xx_hal_uart.o(i.HAL_UART_RxHalfCpltCallback)
    HAL_UART_Transmit                        0x08003c91   Thumb Code   160  stm32f1xx_hal_uart.o(i.HAL_UART_Transmit)
    HAL_UART_TxCpltCallback                  0x08003d31   Thumb Code     2  stm32f1xx_hal_uart.o(i.HAL_UART_TxCpltCallback)
    Handle_Closing                           0x08003d35   Thumb Code    38  main.o(i.Handle_Closing)
    Handle_Error                             0x08003d61   Thumb Code    34  main.o(i.Handle_Error)
    Handle_Idle_Lux                          0x08003d89   Thumb Code    86  main.o(i.Handle_Idle_Lux)
    Handle_Idle_Manual                       0x08003de5   Thumb Code    80  main.o(i.Handle_Idle_Manual)
    Handle_Idle_Tim                          0x08003e39   Thumb Code   100  main.o(i.Handle_Idle_Tim)
    Handle_Opening                           0x08003ea5   Thumb Code    38  main.o(i.Handle_Opening)
    Handle_SetCloseTime                      0x08003ed1   Thumb Code    78  main.o(i.Handle_SetCloseTime)
    Handle_SetOpenTime                       0x08003f29   Thumb Code    82  main.o(i.Handle_SetOpenTime)
    Handle_SetSystemTime                     0x08003f85   Thumb Code   162  main.o(i.Handle_SetSystemTime)
    HardFault_Handler                        0x0800402d   Thumb Code     2  stm32f1xx_it.o(i.HardFault_Handler)
    JR6001_Init                              0x080042ff   Thumb Code     6  bsp_jr6001.o(i.JR6001_Init)
    JR6001_Play                              0x08004305   Thumb Code    34  bsp_jr6001.o(i.JR6001_Play)
    JR6001_SetVolume                         0x08004339   Thumb Code    40  bsp_jr6001.o(i.JR6001_SetVolume)
    Key_GetLevel                             0x08004371   Thumb Code    24  bsp_key.o(i.Key_GetLevel)
    Key_Init                                 0x08004391   Thumb Code    28  bsp_key.o(i.Key_Init)
    Key_Scan                                 0x080043b1   Thumb Code   102  bsp_key.o(i.Key_Scan)
    LED_Init                                 0x0800441d   Thumb Code    10  bsp_led.o(i.LED_Init)
    LED_Toggle                               0x0800442d   Thumb Code     8  bsp_led.o(i.LED_Toggle)
    Light_Init                               0x08004439   Thumb Code    22  bsp_light.o(i.Light_Init)
    Light_Read_Percent                       0x08004459   Thumb Code    34  bsp_light.o(i.Light_Read_Percent)
    MQ7_Init                                 0x08004481   Thumb Code     2  bsp_mq7.o(i.MQ7_Init)
    MQ7_Read_Status                          0x08004485   Thumb Code     8  bsp_mq7.o(i.MQ7_Read_Status)
    MX_ADC1_Init                             0x08004491   Thumb Code    70  adc.o(i.MX_ADC1_Init)
    MX_DMA_Init                              0x080044e1   Thumb Code    56  dma.o(i.MX_DMA_Init)
    MX_GPIO_Init                             0x0800451d   Thumb Code   256  gpio.o(i.MX_GPIO_Init)
    MX_I2C1_Init                             0x0800462d   Thumb Code    50  i2c.o(i.MX_I2C1_Init)
    MX_IWDG_Init                             0x0800466d   Thumb Code    36  iwdg.o(i.MX_IWDG_Init)
    MX_TIM2_Init                             0x08004699   Thumb Code    96  tim.o(i.MX_TIM2_Init)
    MX_USART1_UART_Init                      0x080046fd   Thumb Code    48  usart.o(i.MX_USART1_UART_Init)
    MX_USART2_UART_Init                      0x08004735   Thumb Code    48  usart.o(i.MX_USART2_UART_Init)
    MX_USART3_UART_Init                      0x0800476d   Thumb Code    48  usart.o(i.MX_USART3_UART_Init)
    Map_Key_To_Cmd                           0x080047a5   Thumb Code    78  main.o(i.Map_Key_To_Cmd)
    MemManage_Handler                        0x080047f3   Thumb Code     2  stm32f1xx_it.o(i.MemManage_Handler)
    Mode_Change                              0x080047f5   Thumb Code    34  main.o(i.Mode_Change)
    MotorStep_Process                        0x0800481d   Thumb Code   148  bsp_motor.o(i.MotorStep_Process)
    Motor_Rotate_Angle                       0x080048c1   Thumb Code    34  bsp_motor.o(i.Motor_Rotate_Angle)
    Motor_Stop                               0x080048e9   Thumb Code    48  bsp_motor.o(i.Motor_Stop)
    NMI_Handler                              0x08004925   Thumb Code     2  stm32f1xx_it.o(i.NMI_Handler)
    OLED_Clear                               0x08004929   Thumb Code    38  bsp_oled.o(i.OLED_Clear)
    OLED_Init                                0x08004955   Thumb Code   232  bsp_oled.o(i.OLED_Init)
    OLED_Refresh                             0x08004a3d   Thumb Code    72  bsp_oled.o(i.OLED_Refresh)
    OLED_SensorDataDisplay1                  0x08004a8d   Thumb Code   240  menu.o(i.OLED_SensorDataDisplay1)
    OLED_SensorDataDisplay2                  0x08004bc5   Thumb Code   176  menu.o(i.OLED_SensorDataDisplay2)
    OLED_ShowChar                            0x08004cb5   Thumb Code   144  bsp_oled.o(i.OLED_ShowChar)
    OLED_ShowChinese                         0x08004d55   Thumb Code    52  bsp_oled.o(i.OLED_ShowChinese)
    OLED_ShowNum                             0x08004d91   Thumb Code   130  bsp_oled.o(i.OLED_ShowNum)
    OLED_ShowString                          0x08004e13   Thumb Code    94  bsp_oled.o(i.OLED_ShowString)
    OLED_SystemTimeSettingDisplay            0x08004e71   Thumb Code   178  menu.o(i.OLED_SystemTimeSettingDisplay)
    OLED_TimeSettingDisplay                  0x08004f3d   Thumb Code   254  menu.o(i.OLED_TimeSettingDisplay)
    OLED_WriteByte                           0x08005051   Thumb Code    36  bsp_oled.o(i.OLED_WriteByte)
    OLED_autoPageLux                         0x08005079   Thumb Code   178  menu.o(i.OLED_autoPageLux)
    OLED_autoPageTim                         0x0800512b   Thumb Code   114  menu.o(i.OLED_autoPageTim)
    OLED_manualPage                          0x0800519d   Thumb Code   172  menu.o(i.OLED_manualPage)
    PendSV_Handler                           0x0800524d   Thumb Code     2  stm32f1xx_it.o(i.PendSV_Handler)
    SVC_Handler                              0x0800524f   Thumb Code     2  stm32f1xx_it.o(i.SVC_Handler)
    SensorScan                               0x08005251   Thumb Code    72  sensor.o(i.SensorScan)
    SoftTime_CTRL                            0x0800529d   Thumb Code    62  soft_time.o(i.SoftTime_CTRL)
    SoftTime_Get                             0x080052e5   Thumb Code    20  soft_time.o(i.SoftTime_Get)
    SoftTime_Init                            0x080052fd   Thumb Code    48  soft_time.o(i.SoftTime_Init)
    SoftTime_Set                             0x08005331   Thumb Code    44  soft_time.o(i.SoftTime_Set)
    SoftTime_Tick_1ms                        0x08005361   Thumb Code    66  soft_time.o(i.SoftTime_Tick_1ms)
    SysTick_Handler                          0x080053a9   Thumb Code     4  stm32f1xx_it.o(i.SysTick_Handler)
    SystemClock_Config                       0x080053ad   Thumb Code   128  main.o(i.SystemClock_Config)
    SystemInit                               0x0800542d   Thumb Code     2  system_stm32f1xx.o(i.SystemInit)
    System_Dispatch                          0x08005431   Thumb Code   200  main.o(i.System_Dispatch)
    TIM2_IRQHandler                          0x080054fd   Thumb Code     6  stm32f1xx_it.o(i.TIM2_IRQHandler)
    TIM_Base_SetConfig                       0x08005509   Thumb Code   108  stm32f1xx_hal_tim.o(i.TIM_Base_SetConfig)
    TIM_ETR_SetConfig                        0x08005581   Thumb Code    20  stm32f1xx_hal_tim.o(i.TIM_ETR_SetConfig)
    UART_Start_Receive_DMA                   0x080058e5   Thumb Code   130  stm32f1xx_hal_uart.o(i.UART_Start_Receive_DMA)
    UI_Update                                0x080059e9   Thumb Code   178  menu.o(i.UI_Update)
    USART2_IRQHandler                        0x08005aa9   Thumb Code    16  stm32f1xx_it.o(i.USART2_IRQHandler)
    UsageFault_Handler                       0x08005abd   Thumb Code     2  stm32f1xx_it.o(i.UsageFault_Handler)
    __ARM_fpclassify                         0x08005abf   Thumb Code    40  fpclassify.o(i.__ARM_fpclassify)
    _is_digit                                0x08005b07   Thumb Code    14  __printf_wp.o(i._is_digit)
    delay_us                                 0x08005b15   Thumb Code    20  bsp_dht11.o(i.delay_us)
    main                                     0x08005b31   Thumb Code   188  main.o(i.main)
    _get_lc_numeric                          0x08005bf9   Thumb Code    44  lc_numeric_c.o(locale$$code)
    __fpl_dretinf                            0x08005c25   Thumb Code    12  dretinf.o(x$fpl$dretinf)
    __aeabi_f2d                              0x08005c31   Thumb Code     0  f2d.o(x$fpl$f2d)
    _f2d                                     0x08005c31   Thumb Code    86  f2d.o(x$fpl$f2d)
    __aeabi_fadd                             0x08005c89   Thumb Code     0  faddsub_clz.o(x$fpl$fadd)
    _fadd                                    0x08005c89   Thumb Code   196  faddsub_clz.o(x$fpl$fadd)
    __aeabi_fdiv                             0x08005d4d   Thumb Code     0  fdiv.o(x$fpl$fdiv)
    _fdiv                                    0x08005d4d   Thumb Code   384  fdiv.o(x$fpl$fdiv)
    __aeabi_f2uiz                            0x08005ed1   Thumb Code     0  ffixu.o(x$fpl$ffixu)
    _ffixu                                   0x08005ed1   Thumb Code    62  ffixu.o(x$fpl$ffixu)
    __aeabi_ui2f                             0x08005f11   Thumb Code     0  fflt_clz.o(x$fpl$ffltu)
    _ffltu                                   0x08005f11   Thumb Code    38  fflt_clz.o(x$fpl$ffltu)
    __fpl_fnaninf                            0x08005f37   Thumb Code   140  fnaninf.o(x$fpl$fnaninf)
    __fpl_fretinf                            0x08005fc3   Thumb Code    10  fretinf.o(x$fpl$fretinf)
    __aeabi_fsub                             0x08005fcd   Thumb Code     0  faddsub_clz.o(x$fpl$fsub)
    _fsub                                    0x08005fcd   Thumb Code   234  faddsub_clz.o(x$fpl$fsub)
    _printf_fp_dec                           0x080060b7   Thumb Code     4  printf1.o(x$fpl$printf1)
    __I$use$fp                               0x080060ba   Number         0  usenofp.o(x$fpl$usenofp)
    AHBPrescTable                            0x080060de   Data          16  system_stm32f1xx.o(.constdata)
    APBPrescTable                            0x080060ee   Data           8  system_stm32f1xx.o(.constdata)
    asc2_0806                                0x0800611e   Data         552  bsp_oled.o(.constdata)
    asc2_1206                                0x08006346   Data        1140  bsp_oled.o(.constdata)
    asc2_1608                                0x080067ba   Data        1520  bsp_oled.o(.constdata)
    Hzk1                                     0x08006daa   Data        2016  bsp_oled.o(.constdata)
    Region$$Table$$Base                      0x08007630   Number         0  anon$$obj.o(Region$$Table)
    Region$$Table$$Limit                     0x08007650   Number         0  anon$$obj.o(Region$$Table)
    Global_State                             0x20000000   Data           1  main.o(.data)
    sensorscan_flag                          0x20000001   Data           1  main.o(.data)
    btprocess_flag                           0x20000002   Data           1  main.o(.data)
    g_temp_time                              0x20000003   Data           3  main.o(.data)
    current_time                             0x20000006   Data           3  main.o(.data)
    key_scan_tick                            0x2000000c   Data           4  main.o(.data)
    led_tick                                 0x20000010   Data           4  main.o(.data)
    time_ctrl_tick                           0x20000014   Data           4  main.o(.data)
    sensor_tick                              0x20000018   Data           4  main.o(.data)
    bt_tick                                  0x2000001c   Data           4  main.o(.data)
    Sys_Context                              0x20000020   Data           7  main.o(.data)
    evt                                      0x20000028   Data           8  main.o(.data)
    uwTickFreq                               0x20000030   Data           1  stm32f1xx_hal.o(.data)
    uwTickPrio                               0x20000034   Data           4  stm32f1xx_hal.o(.data)
    uwTick                                   0x20000038   Data           4  stm32f1xx_hal.o(.data)
    SystemCoreClock                          0x2000003c   Data           4  system_stm32f1xx.o(.data)
    bt_rx_len                                0x20000040   Data           1  bsp_bt.o(.data)
    bt_rx_flag                               0x20000041   Data           1  bsp_bt.o(.data)
    g_blink_state                            0x20000070   Data           1  menu.o(.data)
    g_setting_hour                           0x20000071   Data           1  menu.o(.data)
    time                                     0x20000074   Data           3  menu.o(.data)
    hadc1                                    0x20000094   Data          48  adc.o(.bss)
    hdma_adc1                                0x200000c4   Data          68  adc.o(.bss)
    hi2c1                                    0x20000108   Data          84  i2c.o(.bss)
    hiwdg                                    0x2000015c   Data          12  iwdg.o(.bss)
    htim2                                    0x20000168   Data          72  tim.o(.bss)
    huart1                                   0x200001b0   Data          72  usart.o(.bss)
    huart2                                   0x200001f8   Data          72  usart.o(.bss)
    huart3                                   0x20000240   Data          72  usart.o(.bss)
    hdma_usart2_rx                           0x20000288   Data          68  usart.o(.bss)
    bt_rx_buffer                             0x200002d8   Data          64  bsp_bt.o(.bss)
    sensor_data                              0x20000758   Data          12  menu.o(.bss)
    __libspace_start                         0x200007b4   Data          96  libspace.o(.bss)
    __temporary_stack_top$libspace           0x20000814   Data           0  libspace.o(.bss)



==============================================================================

Memory Map of the image

  Image Entry point : 0x080000ed

  Load Region LR_IROM1 (Base: 0x08000000, Size: 0x00007700, Max: 0x00010000, ABSOLUTE)

    Execution Region ER_IROM1 (Exec base: 0x08000000, Load base: 0x08000000, Size: 0x0000766c, Max: 0x00010000, ABSOLUTE)

    Exec Addr    Load Addr    Size         Type   Attr      Idx    E Section Name        Object

    0x08000000   0x08000000   0x000000ec   Data   RO            3    RESET               startup_stm32f103xb.o
    0x080000ec   0x080000ec   0x00000008   Code   RO         4584  * !!!main             c_w.l(__main.o)
    0x080000f4   0x080000f4   0x00000034   Code   RO         4830    !!!scatter          c_w.l(__scatter.o)
    0x08000128   0x08000128   0x0000001a   Code   RO         4832    !!handler_copy      c_w.l(__scatter_copy.o)
    0x08000142   0x08000142   0x00000002   PAD
    0x08000144   0x08000144   0x0000001c   Code   RO         4834    !!handler_zi        c_w.l(__scatter_zi.o)
    0x08000160   0x08000160   0x00000000   Code   RO         4573    .ARM.Collect$$_printf_percent$$00000000  c_w.l(_printf_percent.o)
    0x08000160   0x08000160   0x00000006   Code   RO         4572    .ARM.Collect$$_printf_percent$$00000003  c_w.l(_printf_f.o)
    0x08000166   0x08000166   0x00000006   Code   RO         4571    .ARM.Collect$$_printf_percent$$00000009  c_w.l(_printf_d.o)
    0x0800016c   0x0800016c   0x00000004   Code   RO         4621    .ARM.Collect$$_printf_percent$$00000017  c_w.l(_printf_percent_end.o)
    0x08000170   0x08000170   0x00000002   Code   RO         4703    .ARM.Collect$$libinit$$00000000  c_w.l(libinit.o)
    0x08000172   0x08000172   0x00000000   Code   RO         4705    .ARM.Collect$$libinit$$00000002  c_w.l(libinit2.o)
    0x08000172   0x08000172   0x00000000   Code   RO         4707    .ARM.Collect$$libinit$$00000004  c_w.l(libinit2.o)
    0x08000172   0x08000172   0x00000000   Code   RO         4710    .ARM.Collect$$libinit$$0000000A  c_w.l(libinit2.o)
    0x08000172   0x08000172   0x00000000   Code   RO         4712    .ARM.Collect$$libinit$$0000000C  c_w.l(libinit2.o)
    0x08000172   0x08000172   0x00000000   Code   RO         4714    .ARM.Collect$$libinit$$0000000E  c_w.l(libinit2.o)
    0x08000172   0x08000172   0x00000006   Code   RO         4715    .ARM.Collect$$libinit$$0000000F  c_w.l(libinit2.o)
    0x08000178   0x08000178   0x00000000   Code   RO         4717    .ARM.Collect$$libinit$$00000011  c_w.l(libinit2.o)
    0x08000178   0x08000178   0x00000000   Code   RO         4719    .ARM.Collect$$libinit$$00000013  c_w.l(libinit2.o)
    0x08000178   0x08000178   0x00000000   Code   RO         4721    .ARM.Collect$$libinit$$00000015  c_w.l(libinit2.o)
    0x08000178   0x08000178   0x0000000a   Code   RO         4722    .ARM.Collect$$libinit$$00000016  c_w.l(libinit2.o)
    0x08000182   0x08000182   0x00000000   Code   RO         4723    .ARM.Collect$$libinit$$00000017  c_w.l(libinit2.o)
    0x08000182   0x08000182   0x00000000   Code   RO         4725    .ARM.Collect$$libinit$$00000019  c_w.l(libinit2.o)
    0x08000182   0x08000182   0x00000000   Code   RO         4727    .ARM.Collect$$libinit$$0000001B  c_w.l(libinit2.o)
    0x08000182   0x08000182   0x00000000   Code   RO         4729    .ARM.Collect$$libinit$$0000001D  c_w.l(libinit2.o)
    0x08000182   0x08000182   0x00000000   Code   RO         4731    .ARM.Collect$$libinit$$0000001F  c_w.l(libinit2.o)
    0x08000182   0x08000182   0x00000000   Code   RO         4733    .ARM.Collect$$libinit$$00000021  c_w.l(libinit2.o)
    0x08000182   0x08000182   0x00000000   Code   RO         4735    .ARM.Collect$$libinit$$00000023  c_w.l(libinit2.o)
    0x08000182   0x08000182   0x00000000   Code   RO         4737    .ARM.Collect$$libinit$$00000025  c_w.l(libinit2.o)
    0x08000182   0x08000182   0x00000000   Code   RO         4741    .ARM.Collect$$libinit$$0000002C  c_w.l(libinit2.o)
    0x08000182   0x08000182   0x00000000   Code   RO         4743    .ARM.Collect$$libinit$$0000002E  c_w.l(libinit2.o)
    0x08000182   0x08000182   0x00000000   Code   RO         4745    .ARM.Collect$$libinit$$00000030  c_w.l(libinit2.o)
    0x08000182   0x08000182   0x00000000   Code   RO         4747    .ARM.Collect$$libinit$$00000032  c_w.l(libinit2.o)
    0x08000182   0x08000182   0x00000002   Code   RO         4748    .ARM.Collect$$libinit$$00000033  c_w.l(libinit2.o)
    0x08000184   0x08000184   0x00000002   Code   RO         4778    .ARM.Collect$$libshutdown$$00000000  c_w.l(libshutdown.o)
    0x08000186   0x08000186   0x00000000   Code   RO         4789    .ARM.Collect$$libshutdown$$00000002  c_w.l(libshutdown2.o)
    0x08000186   0x08000186   0x00000000   Code   RO         4791    .ARM.Collect$$libshutdown$$00000004  c_w.l(libshutdown2.o)
    0x08000186   0x08000186   0x00000000   Code   RO         4794    .ARM.Collect$$libshutdown$$00000007  c_w.l(libshutdown2.o)
    0x08000186   0x08000186   0x00000000   Code   RO         4797    .ARM.Collect$$libshutdown$$0000000A  c_w.l(libshutdown2.o)
    0x08000186   0x08000186   0x00000000   Code   RO         4799    .ARM.Collect$$libshutdown$$0000000C  c_w.l(libshutdown2.o)
    0x08000186   0x08000186   0x00000000   Code   RO         4802    .ARM.Collect$$libshutdown$$0000000F  c_w.l(libshutdown2.o)
    0x08000186   0x08000186   0x00000002   Code   RO         4803    .ARM.Collect$$libshutdown$$00000010  c_w.l(libshutdown2.o)
    0x08000188   0x08000188   0x00000000   Code   RO         4610    .ARM.Collect$$rtentry$$00000000  c_w.l(__rtentry.o)
    0x08000188   0x08000188   0x00000000   Code   RO         4632    .ARM.Collect$$rtentry$$00000002  c_w.l(__rtentry2.o)
    0x08000188   0x08000188   0x00000006   Code   RO         4644    .ARM.Collect$$rtentry$$00000004  c_w.l(__rtentry4.o)
    0x0800018e   0x0800018e   0x00000000   Code   RO         4634    .ARM.Collect$$rtentry$$00000009  c_w.l(__rtentry2.o)
    0x0800018e   0x0800018e   0x00000004   Code   RO         4635    .ARM.Collect$$rtentry$$0000000A  c_w.l(__rtentry2.o)
    0x08000192   0x08000192   0x00000000   Code   RO         4637    .ARM.Collect$$rtentry$$0000000C  c_w.l(__rtentry2.o)
    0x08000192   0x08000192   0x00000008   Code   RO         4638    .ARM.Collect$$rtentry$$0000000D  c_w.l(__rtentry2.o)
    0x0800019a   0x0800019a   0x00000002   Code   RO         4749    .ARM.Collect$$rtexit$$00000000  c_w.l(rtexit.o)
    0x0800019c   0x0800019c   0x00000000   Code   RO         4756    .ARM.Collect$$rtexit$$00000002  c_w.l(rtexit2.o)
    0x0800019c   0x0800019c   0x00000004   Code   RO         4757    .ARM.Collect$$rtexit$$00000003  c_w.l(rtexit2.o)
    0x080001a0   0x080001a0   0x00000006   Code   RO         4758    .ARM.Collect$$rtexit$$00000004  c_w.l(rtexit2.o)
    0x080001a6   0x080001a6   0x00000002   PAD
    0x080001a8   0x080001a8   0x00000040   Code   RO            4    .text               startup_stm32f103xb.o
    0x080001e8   0x080001e8   0x00000028   Code   RO         4541    .text               c_w.l(noretval__2sprintf.o)
    0x08000210   0x08000210   0x00000034   Code   RO         4543    .text               c_w.l(noretval__2snprintf.o)
    0x08000244   0x08000244   0x0000004e   Code   RO         4547    .text               c_w.l(_printf_pad.o)
    0x08000292   0x08000292   0x00000002   PAD
    0x08000294   0x08000294   0x00000078   Code   RO         4549    .text               c_w.l(_printf_dec.o)
    0x0800030c   0x0800030c   0x00000138   Code   RO         4563    .text               c_w.l(__printf_flags_wp.o)
    0x08000444   0x08000444   0x0000003e   Code   RO         4574    .text               c_w.l(strlen.o)
    0x08000482   0x08000482   0x0000008a   Code   RO         4576    .text               c_w.l(rt_memcpy_v6.o)
    0x0800050c   0x0800050c   0x00000044   Code   RO         4578    .text               c_w.l(rt_memclr.o)
    0x08000550   0x08000550   0x0000004e   Code   RO         4580    .text               c_w.l(rt_memclr_w.o)
    0x0800059e   0x0800059e   0x00000006   Code   RO         4582    .text               c_w.l(heapauxi.o)
    0x080005a4   0x080005a4   0x000000b2   Code   RO         4611    .text               c_w.l(_printf_intcommon.o)
    0x08000656   0x08000656   0x0000041e   Code   RO         4613    .text               c_w.l(_printf_fp_dec.o)
    0x08000a74   0x08000a74   0x00000030   Code   RO         4615    .text               c_w.l(_printf_char_common.o)
    0x08000aa4   0x08000aa4   0x0000000a   Code   RO         4617    .text               c_w.l(_sputc.o)
    0x08000aae   0x08000aae   0x00000010   Code   RO         4619    .text               c_w.l(_snputc.o)
    0x08000abe   0x08000abe   0x00000064   Code   RO         4622    .text               c_w.l(rt_memcpy_w.o)
    0x08000b22   0x08000b22   0x00000002   PAD
    0x08000b24   0x08000b24   0x00000008   Code   RO         4649    .text               c_w.l(rt_locale_intlibspace.o)
    0x08000b2c   0x08000b2c   0x0000008a   Code   RO         4651    .text               c_w.l(lludiv10.o)
    0x08000bb6   0x08000bb6   0x00000002   PAD
    0x08000bb8   0x08000bb8   0x00000080   Code   RO         4653    .text               c_w.l(_printf_fp_infnan.o)
    0x08000c38   0x08000c38   0x000000e4   Code   RO         4657    .text               c_w.l(bigflt0.o)
    0x08000d1c   0x08000d1c   0x00000008   Code   RO         4689    .text               c_w.l(libspace.o)
    0x08000d24   0x08000d24   0x0000004a   Code   RO         4692    .text               c_w.l(sys_stackheap_outer.o)
    0x08000d6e   0x08000d6e   0x00000012   Code   RO         4694    .text               c_w.l(exit.o)
    0x08000d80   0x08000d80   0x00000080   Code   RO         4696    .text               c_w.l(strcmpv7m.o)
    0x08000e00   0x08000e00   0x0000000c   Code   RO         4768    .text               c_w.l(sys_exit.o)
    0x08000e0c   0x08000e0c   0x00000002   Code   RO         4779    .text               c_w.l(use_no_semi.o)
    0x08000e0e   0x08000e0e   0x00000000   Code   RO         4781    .text               c_w.l(indicate_semi.o)
    0x08000e0e   0x08000e0e   0x0000003e   Code   RO         4660    CL$$btod_d2e        c_w.l(btod.o)
    0x08000e4c   0x08000e4c   0x00000046   Code   RO         4662    CL$$btod_d2e_denorm_low  c_w.l(btod.o)
    0x08000e92   0x08000e92   0x00000060   Code   RO         4661    CL$$btod_d2e_norm_op1  c_w.l(btod.o)
    0x08000ef2   0x08000ef2   0x00000338   Code   RO         4670    CL$$btod_div_common  c_w.l(btod.o)
    0x0800122a   0x0800122a   0x000000dc   Code   RO         4667    CL$$btod_e2e        c_w.l(btod.o)
    0x08001306   0x08001306   0x0000002a   Code   RO         4664    CL$$btod_ediv       c_w.l(btod.o)
    0x08001330   0x08001330   0x0000002a   Code   RO         4663    CL$$btod_emul       c_w.l(btod.o)
    0x0800135a   0x0800135a   0x00000244   Code   RO         4669    CL$$btod_mult_common  c_w.l(btod.o)
    0x0800159e   0x0800159e   0x00000002   PAD
    0x080015a0   0x080015a0   0x00000056   Code   RO          756    i.ADC_ConversionStop_Disable  stm32f1xx_hal_adc.o
    0x080015f6   0x080015f6   0x0000004e   Code   RO          757    i.ADC_DMAConvCplt   stm32f1xx_hal_adc.o
    0x08001644   0x08001644   0x0000001a   Code   RO          758    i.ADC_DMAError      stm32f1xx_hal_adc.o
    0x0800165e   0x0800165e   0x0000000a   Code   RO          759    i.ADC_DMAHalfConvCplt  stm32f1xx_hal_adc.o
    0x08001668   0x08001668   0x0000007c   Code   RO          760    i.ADC_Enable        stm32f1xx_hal_adc.o
    0x080016e4   0x080016e4   0x000001b4   Code   RO         3906    i.BT_ExecuteCommand  bsp_bt.o
    0x08001898   0x08001898   0x0000004c   Code   RO         3908    i.BT_IDLE_Handler   bsp_bt.o
    0x080018e4   0x080018e4   0x00000038   Code   RO         3909    i.BT_Init           bsp_bt.o
    0x0800191c   0x0800191c   0x00000028   Code   RO         3910    i.BT_IsValidCommand  bsp_bt.o
    0x08001944   0x08001944   0x00000106   Code   RO         3911    i.BT_ParseCommand   bsp_bt.o
    0x08001a4a   0x08001a4a   0x00000002   PAD
    0x08001a4c   0x08001a4c   0x00000050   Code   RO         3912    i.BT_Process        bsp_bt.o
    0x08001a9c   0x08001a9c   0x00000030   Code   RO         3913    i.BT_SendResponse   bsp_bt.o
    0x08001acc   0x08001acc   0x00000020   Code   RO         3850    i.Beep_Init         bsp_beep.o
    0x08001aec   0x08001aec   0x00000068   Code   RO         3852    i.Beep_Process      bsp_beep.o
    0x08001b54   0x08001b54   0x00000028   Code   RO         3853    i.Beep_Start        bsp_beep.o
    0x08001b7c   0x08001b7c   0x00000020   Code   RO         3854    i.Beep_Stop         bsp_beep.o
    0x08001b9c   0x08001b9c   0x00000002   Code   RO          588    i.BusFault_Handler  stm32f1xx_it.o
    0x08001b9e   0x08001b9e   0x00000002   PAD
    0x08001ba0   0x08001ba0   0x00000024   Code   RO           13    i.Curtain_Close     main.o
    0x08001bc4   0x08001bc4   0x00000024   Code   RO           14    i.Curtain_Open      main.o
    0x08001be8   0x08001be8   0x00000058   Code   RO         3979    i.DHT11_Init        bsp_dht11.o
    0x08001c40   0x08001c40   0x00000024   Code   RO         3980    i.DHT11_Mode_Out_PP  bsp_dht11.o
    0x08001c64   0x08001c64   0x0000016c   Code   RO         3981    i.DHT11_Read_Data   bsp_dht11.o
    0x08001dd0   0x08001dd0   0x0000000c   Code   RO          589    i.DMA1_Channel1_IRQHandler  stm32f1xx_it.o
    0x08001ddc   0x08001ddc   0x0000000c   Code   RO          590    i.DMA1_Channel6_IRQHandler  stm32f1xx_it.o
    0x08001de8   0x08001de8   0x0000002a   Code   RO         1412    i.DMA_SetConfig     stm32f1xx_hal_dma.o
    0x08001e12   0x08001e12   0x00000002   Code   RO          591    i.DebugMon_Handler  stm32f1xx_it.o
    0x08001e14   0x08001e14   0x00000014   Code   RO           15    i.Enter_SystemTime_Setting  main.o
    0x08001e28   0x08001e28   0x00000004   Code   RO           16    i.Error_Handler     main.o
    0x08001e2c   0x08001e2c   0x00000048   Code   RO         4497    i.Event_Dequeue     event.o
    0x08001e74   0x08001e74   0x00000010   Code   RO         4498    i.Event_Init        event.o
    0x08001e84   0x08001e84   0x00000034   Code   RO         4499    i.Event_Queue       event.o
    0x08001eb8   0x08001eb8   0x000000d8   Code   RO          936    i.HAL_ADCEx_Calibration_Start  stm32f1xx_hal_adc_ex.o
    0x08001f90   0x08001f90   0x000000fc   Code   RO          762    i.HAL_ADC_ConfigChannel  stm32f1xx_hal_adc.o
    0x0800208c   0x0800208c   0x00000002   Code   RO          763    i.HAL_ADC_ConvCpltCallback  stm32f1xx_hal_adc.o
    0x0800208e   0x0800208e   0x00000002   Code   RO          764    i.HAL_ADC_ConvHalfCpltCallback  stm32f1xx_hal_adc.o
    0x08002090   0x08002090   0x00000002   Code   RO          766    i.HAL_ADC_ErrorCallback  stm32f1xx_hal_adc.o
    0x08002092   0x08002092   0x00000002   PAD
    0x08002094   0x08002094   0x0000011c   Code   RO          771    i.HAL_ADC_Init      stm32f1xx_hal_adc.o
    0x080021b0   0x080021b0   0x00000090   Code   RO          355    i.HAL_ADC_MspInit   adc.o
    0x08002240   0x08002240   0x0000010c   Code   RO          778    i.HAL_ADC_Start_DMA  stm32f1xx_hal_adc.o
    0x0800234c   0x0800234c   0x00000046   Code   RO         1413    i.HAL_DMA_Abort     stm32f1xx_hal_dma.o
    0x08002392   0x08002392   0x00000002   PAD
    0x08002394   0x08002394   0x00000098   Code   RO         1414    i.HAL_DMA_Abort_IT  stm32f1xx_hal_dma.o
    0x0800242c   0x0800242c   0x00000154   Code   RO         1418    i.HAL_DMA_IRQHandler  stm32f1xx_hal_dma.o
    0x08002580   0x08002580   0x0000005c   Code   RO         1419    i.HAL_DMA_Init      stm32f1xx_hal_dma.o
    0x080025dc   0x080025dc   0x00000070   Code   RO         1423    i.HAL_DMA_Start_IT  stm32f1xx_hal_dma.o
    0x0800264c   0x0800264c   0x00000024   Code   RO         1039    i.HAL_Delay         stm32f1xx_hal.o
    0x08002670   0x08002670   0x000001e0   Code   RO         1349    i.HAL_GPIO_Init     stm32f1xx_hal_gpio.o
    0x08002850   0x08002850   0x0000000a   Code   RO         1351    i.HAL_GPIO_ReadPin  stm32f1xx_hal_gpio.o
    0x0800285a   0x0800285a   0x00000010   Code   RO         1352    i.HAL_GPIO_TogglePin  stm32f1xx_hal_gpio.o
    0x0800286a   0x0800286a   0x0000000a   Code   RO         1353    i.HAL_GPIO_WritePin  stm32f1xx_hal_gpio.o
    0x08002874   0x08002874   0x0000000c   Code   RO         1043    i.HAL_GetTick       stm32f1xx_hal.o
    0x08002880   0x08002880   0x00000188   Code   RO         2020    i.HAL_I2C_Init      stm32f1xx_hal_i2c.o
    0x08002a08   0x08002a08   0x00000130   Code   RO         2041    i.HAL_I2C_Mem_Write  stm32f1xx_hal_i2c.o
    0x08002b38   0x08002b38   0x0000005c   Code   RO          421    i.HAL_I2C_MspInit   i2c.o
    0x08002b94   0x08002b94   0x0000005e   Code   RO         2446    i.HAL_IWDG_Init     stm32f1xx_hal_iwdg.o
    0x08002bf2   0x08002bf2   0x0000000c   Code   RO         2447    i.HAL_IWDG_Refresh  stm32f1xx_hal_iwdg.o
    0x08002bfe   0x08002bfe   0x00000002   PAD
    0x08002c00   0x08002c00   0x00000010   Code   RO         1049    i.HAL_IncTick       stm32f1xx_hal.o
    0x08002c10   0x08002c10   0x00000024   Code   RO         1050    i.HAL_Init          stm32f1xx_hal.o
    0x08002c34   0x08002c34   0x00000040   Code   RO         1051    i.HAL_InitTick      stm32f1xx_hal.o
    0x08002c74   0x08002c74   0x0000003c   Code   RO          696    i.HAL_MspInit       stm32f1xx_hal_msp.o
    0x08002cb0   0x08002cb0   0x0000001a   Code   RO         1509    i.HAL_NVIC_EnableIRQ  stm32f1xx_hal_cortex.o
    0x08002cca   0x08002cca   0x00000002   PAD
    0x08002ccc   0x08002ccc   0x00000040   Code   RO         1515    i.HAL_NVIC_SetPriority  stm32f1xx_hal_cortex.o
    0x08002d0c   0x08002d0c   0x00000024   Code   RO         1516    i.HAL_NVIC_SetPriorityGrouping  stm32f1xx_hal_cortex.o
    0x08002d30   0x08002d30   0x000000a4   Code   RO         1310    i.HAL_RCCEx_GetPeriphCLKFreq  stm32f1xx_hal_rcc_ex.o
    0x08002dd4   0x08002dd4   0x000000ec   Code   RO         1311    i.HAL_RCCEx_PeriphCLKConfig  stm32f1xx_hal_rcc_ex.o
    0x08002ec0   0x08002ec0   0x0000012c   Code   RO         1207    i.HAL_RCC_ClockConfig  stm32f1xx_hal_rcc.o
    0x08002fec   0x08002fec   0x0000000c   Code   RO         1212    i.HAL_RCC_GetHCLKFreq  stm32f1xx_hal_rcc.o
    0x08002ff8   0x08002ff8   0x00000020   Code   RO         1214    i.HAL_RCC_GetPCLK1Freq  stm32f1xx_hal_rcc.o
    0x08003018   0x08003018   0x00000020   Code   RO         1215    i.HAL_RCC_GetPCLK2Freq  stm32f1xx_hal_rcc.o
    0x08003038   0x08003038   0x0000004c   Code   RO         1216    i.HAL_RCC_GetSysClockFreq  stm32f1xx_hal_rcc.o
    0x08003084   0x08003084   0x00000320   Code   RO         1219    i.HAL_RCC_OscConfig  stm32f1xx_hal_rcc.o
    0x080033a4   0x080033a4   0x00000028   Code   RO         1520    i.HAL_SYSTICK_Config  stm32f1xx_hal_cortex.o
    0x080033cc   0x080033cc   0x00000002   Code   RO         3182    i.HAL_TIMEx_BreakCallback  stm32f1xx_hal_tim_ex.o
    0x080033ce   0x080033ce   0x00000002   Code   RO         3183    i.HAL_TIMEx_CommutCallback  stm32f1xx_hal_tim_ex.o
    0x080033d0   0x080033d0   0x00000068   Code   RO         3201    i.HAL_TIMEx_MasterConfigSynchronization  stm32f1xx_hal_tim_ex.o
    0x08003438   0x08003438   0x0000005a   Code   RO         2478    i.HAL_TIM_Base_Init  stm32f1xx_hal_tim.o
    0x08003492   0x08003492   0x00000002   PAD
    0x08003494   0x08003494   0x00000038   Code   RO          493    i.HAL_TIM_Base_MspInit  tim.o
    0x080034cc   0x080034cc   0x00000058   Code   RO         2483    i.HAL_TIM_Base_Start_IT  stm32f1xx_hal_tim.o
    0x08003524   0x08003524   0x000000dc   Code   RO         2487    i.HAL_TIM_ConfigClockSource  stm32f1xx_hal_tim.o
    0x08003600   0x08003600   0x00000002   Code   RO         2512    i.HAL_TIM_IC_CaptureCallback  stm32f1xx_hal_tim.o
    0x08003602   0x08003602   0x00000130   Code   RO         2526    i.HAL_TIM_IRQHandler  stm32f1xx_hal_tim.o
    0x08003732   0x08003732   0x00000002   Code   RO         2529    i.HAL_TIM_OC_DelayElapsedCallback  stm32f1xx_hal_tim.o
    0x08003734   0x08003734   0x00000002   Code   RO         2556    i.HAL_TIM_PWM_PulseFinishedCallback  stm32f1xx_hal_tim.o
    0x08003736   0x08003736   0x00000002   PAD
    0x08003738   0x08003738   0x00000078   Code   RO           17    i.HAL_TIM_PeriodElapsedCallback  main.o
    0x080037b0   0x080037b0   0x00000002   Code   RO         2569    i.HAL_TIM_TriggerCallback  stm32f1xx_hal_tim.o
    0x080037b2   0x080037b2   0x00000002   Code   RO         3461    i.HAL_UARTEx_RxEventCallback  stm32f1xx_hal_uart.o
    0x080037b4   0x080037b4   0x00000002   Code   RO         3465    i.HAL_UART_AbortReceiveCpltCallback  stm32f1xx_hal_uart.o
    0x080037b6   0x080037b6   0x00000002   PAD
    0x080037b8   0x080037b8   0x00000098   Code   RO         3466    i.HAL_UART_AbortReceive_IT  stm32f1xx_hal_uart.o
    0x08003850   0x08003850   0x00000002   Code   RO         3475    i.HAL_UART_ErrorCallback  stm32f1xx_hal_uart.o
    0x08003852   0x08003852   0x00000002   PAD
    0x08003854   0x08003854   0x0000026c   Code   RO         3478    i.HAL_UART_IRQHandler  stm32f1xx_hal_uart.o
    0x08003ac0   0x08003ac0   0x00000064   Code   RO         3479    i.HAL_UART_Init     stm32f1xx_hal_uart.o
    0x08003b24   0x08003b24   0x0000014c   Code   RO          535    i.HAL_UART_MspInit  usart.o
    0x08003c70   0x08003c70   0x0000001c   Code   RO         3483    i.HAL_UART_Receive_DMA  stm32f1xx_hal_uart.o
    0x08003c8c   0x08003c8c   0x00000002   Code   RO         3485    i.HAL_UART_RxCpltCallback  stm32f1xx_hal_uart.o
    0x08003c8e   0x08003c8e   0x00000002   Code   RO         3486    i.HAL_UART_RxHalfCpltCallback  stm32f1xx_hal_uart.o
    0x08003c90   0x08003c90   0x000000a0   Code   RO         3487    i.HAL_UART_Transmit  stm32f1xx_hal_uart.o
    0x08003d30   0x08003d30   0x00000002   Code   RO         3490    i.HAL_UART_TxCpltCallback  stm32f1xx_hal_uart.o
    0x08003d32   0x08003d32   0x00000002   PAD
    0x08003d34   0x08003d34   0x0000002c   Code   RO           18    i.Handle_Closing    main.o
    0x08003d60   0x08003d60   0x00000028   Code   RO           19    i.Handle_Error      main.o
    0x08003d88   0x08003d88   0x0000005c   Code   RO           20    i.Handle_Idle_Lux   main.o
    0x08003de4   0x08003de4   0x00000054   Code   RO           21    i.Handle_Idle_Manual  main.o
    0x08003e38   0x08003e38   0x0000006c   Code   RO           22    i.Handle_Idle_Tim   main.o
    0x08003ea4   0x08003ea4   0x0000002c   Code   RO           23    i.Handle_Opening    main.o
    0x08003ed0   0x08003ed0   0x00000058   Code   RO           24    i.Handle_SetCloseTime  main.o
    0x08003f28   0x08003f28   0x0000005c   Code   RO           25    i.Handle_SetOpenTime  main.o
    0x08003f84   0x08003f84   0x000000a8   Code   RO           26    i.Handle_SetSystemTime  main.o
    0x0800402c   0x0800402c   0x00000002   Code   RO          592    i.HardFault_Handler  stm32f1xx_it.o
    0x0800402e   0x0800402e   0x0000002e   Code   RO         2063    i.I2C_IsAcknowledgeFailed  stm32f1xx_hal_i2c.o
    0x0800405c   0x0800405c   0x000000a8   Code   RO         2074    i.I2C_RequestMemoryWrite  stm32f1xx_hal_i2c.o
    0x08004104   0x08004104   0x00000056   Code   RO         2078    i.I2C_WaitOnBTFFlagUntilTimeout  stm32f1xx_hal_i2c.o
    0x0800415a   0x0800415a   0x00000002   PAD
    0x0800415c   0x0800415c   0x00000090   Code   RO         2079    i.I2C_WaitOnFlagUntilTimeout  stm32f1xx_hal_i2c.o
    0x080041ec   0x080041ec   0x000000bc   Code   RO         2080    i.I2C_WaitOnMasterAddressFlagUntilTimeout  stm32f1xx_hal_i2c.o
    0x080042a8   0x080042a8   0x00000056   Code   RO         2082    i.I2C_WaitOnTXEFlagUntilTimeout  stm32f1xx_hal_i2c.o
    0x080042fe   0x080042fe   0x00000006   Code   RO         4411    i.JR6001_Init       bsp_jr6001.o
    0x08004304   0x08004304   0x00000034   Code   RO         4412    i.JR6001_Play       bsp_jr6001.o
    0x08004338   0x08004338   0x00000038   Code   RO         4413    i.JR6001_SetVolume  bsp_jr6001.o
    0x08004370   0x08004370   0x00000020   Code   RO         4022    i.Key_GetLevel      bsp_key.o
    0x08004390   0x08004390   0x00000020   Code   RO         4023    i.Key_Init          bsp_key.o
    0x080043b0   0x080043b0   0x0000006c   Code   RO         4024    i.Key_Scan          bsp_key.o
    0x0800441c   0x0800441c   0x00000010   Code   RO         4061    i.LED_Init          bsp_led.o
    0x0800442c   0x0800442c   0x0000000c   Code   RO         4064    i.LED_Toggle        bsp_led.o
    0x08004438   0x08004438   0x00000020   Code   RO         4104    i.Light_Init        bsp_light.o
    0x08004458   0x08004458   0x00000028   Code   RO         4105    i.Light_Read_Percent  bsp_light.o
    0x08004480   0x08004480   0x00000002   Code   RO         4186    i.MQ7_Init          bsp_mq7.o
    0x08004482   0x08004482   0x00000002   PAD
    0x08004484   0x08004484   0x0000000c   Code   RO         4187    i.MQ7_Read_Status   bsp_mq7.o
    0x08004490   0x08004490   0x00000050   Code   RO          356    i.MX_ADC1_Init      adc.o
    0x080044e0   0x080044e0   0x0000003c   Code   RO          396    i.MX_DMA_Init       dma.o
    0x0800451c   0x0800451c   0x00000110   Code   RO          326    i.MX_GPIO_Init      gpio.o
    0x0800462c   0x0800462c   0x00000040   Code   RO          422    i.MX_I2C1_Init      i2c.o
    0x0800466c   0x0800466c   0x0000002c   Code   RO          462    i.MX_IWDG_Init      iwdg.o
    0x08004698   0x08004698   0x00000064   Code   RO          494    i.MX_TIM2_Init      tim.o
    0x080046fc   0x080046fc   0x00000038   Code   RO          536    i.MX_USART1_UART_Init  usart.o
    0x08004734   0x08004734   0x00000038   Code   RO          537    i.MX_USART2_UART_Init  usart.o
    0x0800476c   0x0800476c   0x00000038   Code   RO          538    i.MX_USART3_UART_Init  usart.o
    0x080047a4   0x080047a4   0x0000004e   Code   RO           27    i.Map_Key_To_Cmd    main.o
    0x080047f2   0x080047f2   0x00000002   Code   RO          593    i.MemManage_Handler  stm32f1xx_it.o
    0x080047f4   0x080047f4   0x00000028   Code   RO           28    i.Mode_Change       main.o
    0x0800481c   0x0800481c   0x000000a4   Code   RO         4141    i.MotorStep_Process  bsp_motor.o
    0x080048c0   0x080048c0   0x00000028   Code   RO         4142    i.Motor_Rotate_Angle  bsp_motor.o
    0x080048e8   0x080048e8   0x0000003c   Code   RO         4144    i.Motor_Stop        bsp_motor.o
    0x08004924   0x08004924   0x00000002   Code   RO          594    i.NMI_Handler       stm32f1xx_it.o
    0x08004926   0x08004926   0x00000002   PAD
    0x08004928   0x08004928   0x0000002c   Code   RO         4216    i.OLED_Clear        bsp_oled.o
    0x08004954   0x08004954   0x000000e8   Code   RO         4220    i.OLED_Init         bsp_oled.o
    0x08004a3c   0x08004a3c   0x00000050   Code   RO         4221    i.OLED_Refresh      bsp_oled.o
    0x08004a8c   0x08004a8c   0x00000138   Code   RO         4310    i.OLED_SensorDataDisplay1  menu.o
    0x08004bc4   0x08004bc4   0x000000f0   Code   RO         4311    i.OLED_SensorDataDisplay2  menu.o
    0x08004cb4   0x08004cb4   0x000000a0   Code   RO         4222    i.OLED_ShowChar     bsp_oled.o
    0x08004d54   0x08004d54   0x0000003c   Code   RO         4223    i.OLED_ShowChinese  bsp_oled.o
    0x08004d90   0x08004d90   0x00000082   Code   RO         4224    i.OLED_ShowNum      bsp_oled.o
    0x08004e12   0x08004e12   0x0000005e   Code   RO         4225    i.OLED_ShowString   bsp_oled.o
    0x08004e70   0x08004e70   0x000000cc   Code   RO         4312    i.OLED_SystemTimeSettingDisplay  menu.o
    0x08004f3c   0x08004f3c   0x00000114   Code   RO         4313    i.OLED_TimeSettingDisplay  menu.o
    0x08005050   0x08005050   0x00000028   Code   RO         4226    i.OLED_WriteByte    bsp_oled.o
    0x08005078   0x08005078   0x000000b2   Code   RO         4314    i.OLED_autoPageLux  menu.o
    0x0800512a   0x0800512a   0x00000072   Code   RO         4315    i.OLED_autoPageTim  menu.o
    0x0800519c   0x0800519c   0x000000b0   Code   RO         4316    i.OLED_manualPage   menu.o
    0x0800524c   0x0800524c   0x00000002   Code   RO          595    i.PendSV_Handler    stm32f1xx_it.o
    0x0800524e   0x0800524e   0x00000002   Code   RO          596    i.SVC_Handler       stm32f1xx_it.o
    0x08005250   0x08005250   0x0000004c   Code   RO         4387    i.SensorScan        sensor.o
    0x0800529c   0x0800529c   0x00000048   Code   RO         4447    i.SoftTime_CTRL     soft_time.o
    0x080052e4   0x080052e4   0x00000018   Code   RO         4448    i.SoftTime_Get      soft_time.o
    0x080052fc   0x080052fc   0x00000034   Code   RO         4449    i.SoftTime_Init     soft_time.o
    0x08005330   0x08005330   0x00000030   Code   RO         4450    i.SoftTime_Set      soft_time.o
    0x08005360   0x08005360   0x00000048   Code   RO         4451    i.SoftTime_Tick_1ms  soft_time.o
    0x080053a8   0x080053a8   0x00000004   Code   RO          597    i.SysTick_Handler   stm32f1xx_it.o
    0x080053ac   0x080053ac   0x00000080   Code   RO           29    i.SystemClock_Config  main.o
    0x0800542c   0x0800542c   0x00000002   Code   RO         3813    i.SystemInit        system_stm32f1xx.o
    0x0800542e   0x0800542e   0x00000002   PAD
    0x08005430   0x08005430   0x000000cc   Code   RO           30    i.System_Dispatch   main.o
    0x080054fc   0x080054fc   0x0000000c   Code   RO          598    i.TIM2_IRQHandler   stm32f1xx_it.o
    0x08005508   0x08005508   0x00000078   Code   RO         2571    i.TIM_Base_SetConfig  stm32f1xx_hal_tim.o
    0x08005580   0x08005580   0x00000014   Code   RO         2582    i.TIM_ETR_SetConfig  stm32f1xx_hal_tim.o
    0x08005594   0x08005594   0x00000010   Code   RO         2583    i.TIM_ITRx_SetConfig  stm32f1xx_hal_tim.o
    0x080055a4   0x080055a4   0x00000022   Code   RO         2589    i.TIM_TI1_ConfigInputStage  stm32f1xx_hal_tim.o
    0x080055c6   0x080055c6   0x00000024   Code   RO         2591    i.TIM_TI2_ConfigInputStage  stm32f1xx_hal_tim.o
    0x080055ea   0x080055ea   0x00000010   Code   RO         3492    i.UART_DMAAbortOnError  stm32f1xx_hal_uart.o
    0x080055fa   0x080055fa   0x0000004a   Code   RO         3493    i.UART_DMAError     stm32f1xx_hal_uart.o
    0x08005644   0x08005644   0x00000086   Code   RO         3494    i.UART_DMAReceiveCplt  stm32f1xx_hal_uart.o
    0x080056ca   0x080056ca   0x0000001e   Code   RO         3496    i.UART_DMARxHalfCplt  stm32f1xx_hal_uart.o
    0x080056e8   0x080056e8   0x00000016   Code   RO         3497    i.UART_DMARxOnlyAbortCallback  stm32f1xx_hal_uart.o
    0x080056fe   0x080056fe   0x0000004e   Code   RO         3502    i.UART_EndRxTransfer  stm32f1xx_hal_uart.o
    0x0800574c   0x0800574c   0x0000001c   Code   RO         3503    i.UART_EndTxTransfer  stm32f1xx_hal_uart.o
    0x08005768   0x08005768   0x000000c2   Code   RO         3504    i.UART_Receive_IT   stm32f1xx_hal_uart.o
    0x0800582a   0x0800582a   0x00000002   PAD
    0x0800582c   0x0800582c   0x000000b8   Code   RO         3505    i.UART_SetConfig    stm32f1xx_hal_uart.o
    0x080058e4   0x080058e4   0x00000090   Code   RO         3506    i.UART_Start_Receive_DMA  stm32f1xx_hal_uart.o
    0x08005974   0x08005974   0x00000072   Code   RO         3508    i.UART_WaitOnFlagUntilTimeout  stm32f1xx_hal_uart.o
    0x080059e6   0x080059e6   0x00000002   PAD
    0x080059e8   0x080059e8   0x000000c0   Code   RO         4317    i.UI_Update         menu.o
    0x08005aa8   0x08005aa8   0x00000014   Code   RO          599    i.USART2_IRQHandler  stm32f1xx_it.o
    0x08005abc   0x08005abc   0x00000002   Code   RO          600    i.UsageFault_Handler  stm32f1xx_it.o
    0x08005abe   0x08005abe   0x00000028   Code   RO         4687    i.__ARM_fpclassify  m_ws.l(fpclassify.o)
    0x08005ae6   0x08005ae6   0x00000020   Code   RO         1522    i.__NVIC_SetPriority  stm32f1xx_hal_cortex.o
    0x08005b06   0x08005b06   0x0000000e   Code   RO         4561    i._is_digit         c_w.l(__printf_wp.o)
    0x08005b14   0x08005b14   0x0000001c   Code   RO         3982    i.delay_us          bsp_dht11.o
    0x08005b30   0x08005b30   0x000000c8   Code   RO           31    i.main              main.o
    0x08005bf8   0x08005bf8   0x0000002c   Code   RO         4683    locale$$code        c_w.l(lc_numeric_c.o)
    0x08005c24   0x08005c24   0x0000000c   Code   RO         4624    x$fpl$dretinf       fz_ws.l(dretinf.o)
    0x08005c30   0x08005c30   0x00000056   Code   RO         4586    x$fpl$f2d           fz_ws.l(f2d.o)
    0x08005c86   0x08005c86   0x00000002   PAD
    0x08005c88   0x08005c88   0x000000c4   Code   RO         4588    x$fpl$fadd          fz_ws.l(faddsub_clz.o)
    0x08005d4c   0x08005d4c   0x00000184   Code   RO         4595    x$fpl$fdiv          fz_ws.l(fdiv.o)
    0x08005ed0   0x08005ed0   0x0000003e   Code   RO         4598    x$fpl$ffixu         fz_ws.l(ffixu.o)
    0x08005f0e   0x08005f0e   0x00000002   PAD
    0x08005f10   0x08005f10   0x00000026   Code   RO         4602    x$fpl$ffltu         fz_ws.l(fflt_clz.o)
    0x08005f36   0x08005f36   0x0000008c   Code   RO         4626    x$fpl$fnaninf       fz_ws.l(fnaninf.o)
    0x08005fc2   0x08005fc2   0x0000000a   Code   RO         4628    x$fpl$fretinf       fz_ws.l(fretinf.o)
    0x08005fcc   0x08005fcc   0x000000ea   Code   RO         4590    x$fpl$fsub          fz_ws.l(faddsub_clz.o)
    0x080060b6   0x080060b6   0x00000004   Code   RO         4608    x$fpl$printf1       fz_ws.l(printf1.o)
    0x080060ba   0x080060ba   0x00000000   Code   RO         4630    x$fpl$usenofp       fz_ws.l(usenofp.o)
    0x080060ba   0x080060ba   0x00000012   Data   RO         1220    .constdata          stm32f1xx_hal_rcc.o
    0x080060cc   0x080060cc   0x00000012   Data   RO         1312    .constdata          stm32f1xx_hal_rcc_ex.o
    0x080060de   0x080060de   0x00000010   Data   RO         3814    .constdata          system_stm32f1xx.o
    0x080060ee   0x080060ee   0x00000008   Data   RO         3815    .constdata          system_stm32f1xx.o
    0x080060f6   0x080060f6   0x00000008   Data   RO         4025    .constdata          bsp_key.o
    0x080060fe   0x080060fe   0x00000020   Data   RO         4145    .constdata          bsp_motor.o
    0x0800611e   0x0800611e   0x0000146c   Data   RO         4228    .constdata          bsp_oled.o
    0x0800758a   0x0800758a   0x00000011   Data   RO         4564    .constdata          c_w.l(__printf_flags_wp.o)
    0x0800759b   0x0800759b   0x00000001   PAD
    0x0800759c   0x0800759c   0x00000094   Data   RO         4658    .constdata          c_w.l(bigflt0.o)
    0x08007630   0x08007630   0x00000020   Data   RO         4828    Region$$Table       anon$$obj.o
    0x08007650   0x08007650   0x0000001c   Data   RO         4682    locale$$data        c_w.l(lc_numeric_c.o)


    Execution Region RW_IRAM1 (Exec base: 0x20000000, Load base: 0x0800766c, Size: 0x00000e18, Max: 0x00005000, ABSOLUTE)

    Exec Addr    Load Addr    Size         Type   Attr      Idx    E Section Name        Object

    0x20000000   0x0800766c   0x00000030   Data   RW           32    .data               main.o
    0x20000030   0x0800769c   0x0000000c   Data   RW         1057    .data               stm32f1xx_hal.o
    0x2000003c   0x080076a8   0x00000004   Data   RW         3816    .data               system_stm32f1xx.o
    0x20000040   0x080076ac   0x00000002   Data   RW         3915    .data               bsp_bt.o
    0x20000042   0x080076ae   0x00000002   PAD
    0x20000044   0x080076b0   0x00000004   Data   RW         3983    .data               bsp_dht11.o
    0x20000048   0x080076b4   0x00000018   Data   RW         4026    .data               bsp_key.o
    0x20000060   0x080076cc   0x00000004   Data   RW         4106    .data               bsp_light.o
    0x20000064   0x080076d0   0x0000000c   Data   RW         4146    .data               bsp_motor.o
    0x20000070   0x080076dc   0x00000010   Data   RW         4319    .data               menu.o
    0x20000080   0x080076ec   0x00000007   Data   RW         4452    .data               soft_time.o
    0x20000087   0x080076f3   0x00000001   PAD
    0x20000088   0x080076f4   0x0000000c   Data   RW         4501    .data               event.o
    0x20000094        -       0x00000074   Zero   RW          357    .bss                adc.o
    0x20000108        -       0x00000054   Zero   RW          423    .bss                i2c.o
    0x2000015c        -       0x0000000c   Zero   RW          463    .bss                iwdg.o
    0x20000168        -       0x00000048   Zero   RW          495    .bss                tim.o
    0x200001b0        -       0x0000011c   Zero   RW          539    .bss                usart.o
    0x200002cc        -       0x0000000c   Zero   RW         3856    .bss                bsp_beep.o
    0x200002d8        -       0x00000080   Zero   RW         3914    .bss                bsp_bt.o
    0x20000358        -       0x00000400   Zero   RW         4227    .bss                bsp_oled.o
    0x20000758        -       0x0000000c   Zero   RW         4318    .bss                menu.o
    0x20000764        -       0x00000050   Zero   RW         4500    .bss                event.o
    0x200007b4        -       0x00000060   Zero   RW         4690    .bss                c_w.l(libspace.o)
    0x20000814   0x08007700   0x00000004   PAD
    0x20000818        -       0x00000200   Zero   RW            2    HEAP                startup_stm32f103xb.o
    0x20000a18        -       0x00000400   Zero   RW            1    STACK               startup_stm32f103xb.o


==============================================================================

Image component sizes


      Code (inc. data)   RO Data    RW Data    ZI Data      Debug   Object Name

       224         32          0          0        116       1635   adc.o
       208         36          0          0         12       2368   bsp_beep.o
       998        262          0          2        128       6211   bsp_bt.o
       516         46          0          4          0       3238   bsp_dht11.o
       114         34          0          0          0       1391   bsp_jr6001.o
       172         18          8         24          0       2041   bsp_key.o
        28         10          0          0          0        756   bsp_led.o
        72         16          0          4          0       2020   bsp_light.o
       264         34         32         12          0       2274   bsp_motor.o
        14          4          0          0          0        789   bsp_mq7.o
       840         42       5228          0       1024       6497   bsp_oled.o
        60          4          0          0          0        710   dma.o
       140         20          0         12         80       2003   event.o
       272         16          0          0          0       3197   gpio.o
       156         26          0          0         84       1517   i2c.o
        44          8          0          0         12        651   iwdg.o
      1626        112          0         48          0     474417   main.o
      1692        202          0         16         12       5394   menu.o
        76          4          0          0          0        501   sensor.o
       268         28          0          7          0       2830   soft_time.o
        64         26        236          0       1536        780   startup_stm32f103xb.o
       164         28          0         12          0       5677   stm32f1xx_hal.o
      1134         56          0          0          0       8186   stm32f1xx_hal_adc.o
       216          6          0          0          0       1374   stm32f1xx_hal_adc_ex.o
       198         14          0          0          0      28767   stm32f1xx_hal_cortex.o
       808         36          0          0          0       4790   stm32f1xx_hal_dma.o
       516         34          0          0          0       3992   stm32f1xx_hal_gpio.o
      1414         32          0          0          0       9127   stm32f1xx_hal_i2c.o
       106          0          0          0          0       1771   stm32f1xx_hal_iwdg.o
        60          8          0          0          0        818   stm32f1xx_hal_msp.o
      1252         90         18          0          0       5364   stm32f1xx_hal_rcc.o
       400         28         18          0          0       2381   stm32f1xx_hal_rcc_ex.o
       936         24          0          0          0       9469   stm32f1xx_hal_tim.o
       108         12          0          0          0       2289   stm32f1xx_hal_tim_ex.o
      2090         28          0          0          0      15853   stm32f1xx_hal_uart.o
        76         22          0          0          0       5788   stm32f1xx_it.o
         2          0         24          4          0       1035   system_stm32f1xx.o
       156         10          0          0         72       1550   tim.o
       500         56          0          0        284       2955   usart.o

    ----------------------------------------------------------------------
     18018       1464       5596        148       3360     632406   Object Totals
         0          0         32          0          0          0   (incl. Generated)
        34          0          0          3          0          0   (incl. Padding)

    ----------------------------------------------------------------------

      Code (inc. data)   RO Data    RW Data    ZI Data      Debug   Library Member Name

         8          0          0          0          0         68   __main.o
       312          4         17          0          0         92   __printf_flags_wp.o
        14          0          0          0          0         68   __printf_wp.o
         0          0          0          0          0          0   __rtentry.o
        12          0          0          0          0          0   __rtentry2.o
         6          0          0          0          0          0   __rtentry4.o
        52          8          0          0          0          0   __scatter.o
        26          0          0          0          0          0   __scatter_copy.o
        28          0          0          0          0          0   __scatter_zi.o
        48          6          0          0          0         96   _printf_char_common.o
         6          0          0          0          0          0   _printf_d.o
       120         16          0          0          0         92   _printf_dec.o
         6          0          0          0          0          0   _printf_f.o
      1054          0          0          0          0        216   _printf_fp_dec.o
       128         16          0          0          0         84   _printf_fp_infnan.o
       178          0          0          0          0         88   _printf_intcommon.o
        78          0          0          0          0        108   _printf_pad.o
         0          0          0          0          0          0   _printf_percent.o
         4          0          0          0          0          0   _printf_percent_end.o
        16          0          0          0          0         68   _snputc.o
        10          0          0          0          0         68   _sputc.o
       228          4        148          0          0         96   bigflt0.o
      1936        128          0          0          0        672   btod.o
        18          0          0          0          0         80   exit.o
         6          0          0          0          0        152   heapauxi.o
         0          0          0          0          0          0   indicate_semi.o
        44         10         28          0          0         76   lc_numeric_c.o
         2          0          0          0          0          0   libinit.o
        18          0          0          0          0          0   libinit2.o
         2          0          0          0          0          0   libshutdown.o
         2          0          0          0          0          0   libshutdown2.o
         8          4          0          0         96         68   libspace.o
       138          0          0          0          0         80   lludiv10.o
        52          4          0          0          0         84   noretval__2snprintf.o
        40          6          0          0          0         84   noretval__2sprintf.o
         8          4          0          0          0         68   rt_locale_intlibspace.o
        68          0          0          0          0         68   rt_memclr.o
        78          0          0          0          0         80   rt_memclr_w.o
       138          0          0          0          0         68   rt_memcpy_v6.o
       100          0          0          0          0         80   rt_memcpy_w.o
         2          0          0          0          0          0   rtexit.o
        10          0          0          0          0          0   rtexit2.o
       128          0          0          0          0         68   strcmpv7m.o
        62          0          0          0          0         76   strlen.o
        12          4          0          0          0         68   sys_exit.o
        74          0          0          0          0         80   sys_stackheap_outer.o
         2          0          0          0          0         68   use_no_semi.o
        12          0          0          0          0         68   dretinf.o
        86          4          0          0          0         84   f2d.o
       430          8          0          0          0        168   faddsub_clz.o
       388         76          0          0          0         96   fdiv.o
        62          4          0          0          0         84   ffixu.o
        38          0          0          0          0         68   fflt_clz.o
       140          4          0          0          0         84   fnaninf.o
        10          0          0          0          0         68   fretinf.o
         4          0          0          0          0         68   printf1.o
         0          0          0          0          0          0   usenofp.o
        40          0          0          0          0         68   fpclassify.o

    ----------------------------------------------------------------------
      6508        310        194          0        100       4020   Library Totals
        16          0          1          0          4          0   (incl. Padding)

    ----------------------------------------------------------------------

      Code (inc. data)   RO Data    RW Data    ZI Data      Debug   Library Name

      5282        214        193          0         96       3164   c_w.l
      1170         96          0          0          0        788   fz_ws.l
        40          0          0          0          0         68   m_ws.l

    ----------------------------------------------------------------------
      6508        310        194          0        100       4020   Library Totals

    ----------------------------------------------------------------------

==============================================================================


      Code (inc. data)   RO Data    RW Data    ZI Data      Debug   

     24526       1774       5790        148       3460     624566   Grand Totals
     24526       1774       5790        148       3460     624566   ELF Image Totals
     24526       1774       5790        148          0          0   ROM Totals

==============================================================================

    Total RO  Size (Code + RO Data)                30316 (  29.61kB)
    Total RW  Size (RW Data + ZI Data)              3608 (   3.52kB)
    Total ROM Size (Code + RO Data + RW Data)      30464 (  29.75kB)

==============================================================================

